<html>
<body>
<pre>
<h1>µVision Build Log</h1>
<h2>Tool Versions:</h2>
IDE-Version: ¶ÃVision V5.14.0.0
Copyright (C) 2015 ARM Ltd and ARM Germany GmbH. All rights reserved.
License Information: longer wang, ustb, LIC=1WSKP-MKCPJ-UMX9A-1PZG1-PM13L-TP9CN
 
Tool Versions:
Toolchain:       MDK-ARM Professional  Version: 5.14.0.0
Toolchain Path:  C:\Keil_v5\ARM\ARMCC\Bin
C Compiler:      Armcc.exe V5.05 update 1 (build 106)
Assembler:       Armasm.exe V5.05 update 1 (build 106)
Linker/Locator:  ArmLink.exe V5.05 update 1 (build 106)
Library Manager: ArmAr.exe V5.05 update 1 (build 106)
Hex Converter:   FromElf.exe V5.05 update 1 (build 106)
CPU DLL:         SARMCM3.DLL V5.14.0.0
Dialog DLL:      DCM.DLL V1.13.1.0
Target DLL:      Segger\JL2CM3.dll V2.99.13.0
Dialog DLL:      TCM.DLL V1.14.4.0
 
<h2>Project:</h2>
C:\Users\whlonger\Desktop\≤‚ ‘≥Ã–Ú\XiaoNeiSai.uvproj
Project File Date:  03/16/2016

<h2>Output:</h2>
Build target 'xiaoneisai'
compiling Delay.c...
compiling Encoder.c...
compiling IOinput.c...
compiling IOoutput.c...
compiling Motor.c...
compiling Sensor.c...
Drivers\Sensor.c(85): warning:  #177-D: variable "id" was declared but never referenced
      u8 id;
Drivers\Sensor.c: 1 warning, 0 errors
compiling Servo.c...
compiling Usart.c...
compiling Zlg7290.c...
compiling Pid.c...
compiling main.c...
compiling stm32f10x_it.c...
linking...
Program Size: Code=11326 RO-data=274 RW-data=80 ZI-data=1200  
FromELF: creating hex file...
".\Output\XiaoNeiSai.axf" - 0 Error(s), 1 Warning(s).
</pre>
</body>
</html>
