ARM Linker, 5.03 [Build 24] [MDK-ARM Lite]

==============================================================================

Section Cross References

    startup_stm32f10x_md.o(RESET) refers to startup_stm32f10x_md.o(STACK) for __initial_sp
    startup_stm32f10x_md.o(RESET) refers to startup_stm32f10x_md.o(.text) for Reset_Handler
    startup_stm32f10x_md.o(RESET) refers to stm32f10x_it.o(.text) for NMI_Handler
    startup_stm32f10x_md.o(RESET) refers to usart.o(.text) for USART1_IRQHandler
    startup_stm32f10x_md.o(.text) refers to system_stm32f10x.o(.text) for SystemInit
    startup_stm32f10x_md.o(.text) refers to entry.o(.ARM.Collect$$$$00000000) for __main
    system_stm32f10x.o(.text) refers to system_stm32f10x.o(.data) for SystemCoreClock
    stm32f10x_rcc.o(.text) refers to stm32f10x_rcc.o(.data) for APBAHBPrescTable
    stm32f10x_gpio.o(.text) refers to stm32f10x_rcc.o(.text) for RCC_APB2PeriphResetCmd
    stm32f10x_usart.o(.text) refers to stm32f10x_rcc.o(.text) for RCC_APB2PeriphResetCmd
    stm32f10x_adc.o(.text) refers to stm32f10x_rcc.o(.text) for RCC_APB2PeriphResetCmd
    stm32f10x_tim.o(.text) refers to stm32f10x_rcc.o(.text) for RCC_APB2PeriphResetCmd
    encoder.o(.text) refers to stm32f10x_rcc.o(.text) for RCC_APB2PeriphClockCmd
    encoder.o(.text) refers to stm32f10x_gpio.o(.text) for GPIO_Init
    encoder.o(.text) refers to stm32f10x_tim.o(.text) for TIM_DeInit
    encoder.o(.text) refers to encoder.o(.data) for Speed_L_Get
    encoder.o(.text) refers to pid.o(.bss) for L_PID
    ioinput.o(.text) refers to stm32f10x_rcc.o(.text) for RCC_APB2PeriphClockCmd
    ioinput.o(.text) refers to stm32f10x_gpio.o(.text) for GPIO_Init
    ioinput.o(.text) refers to ioinput.o(.data) for InPinTable
    iooutput.o(.text) refers to stm32f10x_rcc.o(.text) for RCC_APB2PeriphClockCmd
    iooutput.o(.text) refers to stm32f10x_gpio.o(.text) for GPIO_Init
    iooutput.o(.text) refers to iooutput.o(.data) for OutPinTable
    motor.o(.text) refers to stm32f10x_rcc.o(.text) for RCC_APB2PeriphClockCmd
    motor.o(.text) refers to stm32f10x_gpio.o(.text) for GPIO_Init
    motor.o(.text) refers to stm32f10x_tim.o(.text) for TIM_DeInit
    sensor.o(.text) refers to stm32f10x_rcc.o(.text) for RCC_APB2PeriphClockCmd
    sensor.o(.text) refers to stm32f10x_gpio.o(.text) for GPIO_Init
    sensor.o(.text) refers to stm32f10x_adc.o(.text) for ADC_Init
    sensor.o(.text) refers to sensor.o(.constdata) for AD_Map
    servo.o(.text) refers to stm32f10x_rcc.o(.text) for RCC_APB2PeriphClockCmd
    servo.o(.text) refers to stm32f10x_gpio.o(.text) for GPIO_Init
    servo.o(.text) refers to stm32f10x_tim.o(.text) for TIM_TimeBaseInit
    usart.o(.text) refers to stm32f10x_rcc.o(.text) for RCC_APB2PeriphClockCmd
    usart.o(.text) refers to stm32f10x_gpio.o(.text) for GPIO_Init
    usart.o(.text) refers to stm32f10x_usart.o(.text) for USART_Init
    usart.o(.text) refers to misc.o(.text) for NVIC_PriorityGroupConfig
    usart.o(.text) refers to usart.o(.data) for rece
    zlg7290.o(.text) refers to stm32f10x_rcc.o(.text) for RCC_APB2PeriphClockCmd
    zlg7290.o(.text) refers to stm32f10x_gpio.o(.text) for GPIO_Init
    zlg7290.o(.text) refers to delay.o(.text) for Delay_ms
    zlg7290.o(.text) refers to zlg7290.o(.data) for ack
    pid.o(.text) refers to pid.o(.bss) for L_PID
    pid.o(.text) refers to pid.o(.data) for VV_DEADLINE
    main.o(.text) refers to ioinput.o(.text) for GetKeyState
    main.o(.text) refers to motor.o(.text) for SetMotor1PWM
    main.o(.text) refers to system_stm32f10x.o(.text) for SystemInit
    main.o(.text) refers to iooutput.o(.text) for OutputIOInit
    main.o(.text) refers to sensor.o(.text) for SensorInit
    main.o(.text) refers to zlg7290.o(.text) for ZLG7290Init
    main.o(.text) refers to servo.o(.text) for ServoInit
    main.o(.text) refers to encoder.o(.text) for EncoderInit
    main.o(.text) refers to main.o(.data) for HeadLeft_Sensor
    main.o(.text) refers to delay.o(.text) for Delay_ms
    main.o(.text) refers to usart.o(.text) for SendData
    main.o(.text) refers to main.o(.bss) for Test_InputIO_Data
    stm32f10x_it.o(.text) refers to stm32f10x_tim.o(.text) for TIM_GetITStatus
    entry.o(.ARM.Collect$$$$00000000) refers (Special) to entry10a.o(.ARM.Collect$$$$0000000D) for __rt_final_cpp
    entry.o(.ARM.Collect$$$$00000000) refers (Special) to entry11a.o(.ARM.Collect$$$$0000000F) for __rt_final_exit
    entry.o(.ARM.Collect$$$$00000000) refers (Special) to entry7b.o(.ARM.Collect$$$$00000008) for _main_clock
    entry.o(.ARM.Collect$$$$00000000) refers (Special) to entry8b.o(.ARM.Collect$$$$0000000A) for _main_cpp_init
    entry.o(.ARM.Collect$$$$00000000) refers (Special) to entry9a.o(.ARM.Collect$$$$0000000B) for _main_init
    entry.o(.ARM.Collect$$$$00000000) refers (Special) to entry5.o(.ARM.Collect$$$$00000004) for _main_scatterload
    entry.o(.ARM.Collect$$$$00000000) refers (Special) to entry2.o(.ARM.Collect$$$$00000001) for _main_stk
    entry2.o(.ARM.Collect$$$$00000001) refers to entry2.o(.ARM.Collect$$$$00002712) for __lit__00000000
    entry2.o(.ARM.Collect$$$$00002712) refers to startup_stm32f10x_md.o(STACK) for __initial_sp
    entry2.o(__vectab_stack_and_reset_area) refers to startup_stm32f10x_md.o(STACK) for __initial_sp
    entry2.o(__vectab_stack_and_reset_area) refers to entry.o(.ARM.Collect$$$$00000000) for __main
    entry5.o(.ARM.Collect$$$$00000004) refers to init.o(.text) for __scatterload
    entry9a.o(.ARM.Collect$$$$0000000B) refers to main.o(.text) for main
    entry9b.o(.ARM.Collect$$$$0000000C) refers to main.o(.text) for main
    init.o(.text) refers to entry5.o(.ARM.Collect$$$$00000004) for __main_after_scatterload


==============================================================================

Removing Unused input sections from the image.

    Removing startup_stm32f10x_md.o(HEAP), (512 bytes).
    Removing core_cm3.o(.emb_text), (32 bytes).
    Removing stm32f10x_dma.o(.text), (592 bytes).
    Removing stm32f10x_flash.o(.text), (1468 bytes).
    Removing pid.o(.text), (508 bytes).
    Removing pid.o(.data), (28 bytes).

6 unused section(s) (total 3140 bytes) removed from the image.

==============================================================================

Image Symbol Table

    Local Symbols

    Symbol Name                              Value     Ov Type        Size  Object(Section)

    ../clib/microlib/init/entry.s            0x00000000   Number         0  entry7a.o ABSOLUTE
    ../clib/microlib/init/entry.s            0x00000000   Number         0  entry8b.o ABSOLUTE
    ../clib/microlib/init/entry.s            0x00000000   Number         0  entry7b.o ABSOLUTE
    ../clib/microlib/init/entry.s            0x00000000   Number         0  entry5.o ABSOLUTE
    ../clib/microlib/init/entry.s            0x00000000   Number         0  entry11b.o ABSOLUTE
    ../clib/microlib/init/entry.s            0x00000000   Number         0  entry11a.o ABSOLUTE
    ../clib/microlib/init/entry.s            0x00000000   Number         0  entry10b.o ABSOLUTE
    ../clib/microlib/init/entry.s            0x00000000   Number         0  entry.o ABSOLUTE
    ../clib/microlib/init/entry.s            0x00000000   Number         0  entry2.o ABSOLUTE
    ../clib/microlib/init/entry.s            0x00000000   Number         0  entry10a.o ABSOLUTE
    ../clib/microlib/init/entry.s            0x00000000   Number         0  entry9a.o ABSOLUTE
    ../clib/microlib/init/entry.s            0x00000000   Number         0  entry8a.o ABSOLUTE
    ../clib/microlib/init/entry.s            0x00000000   Number         0  entry9b.o ABSOLUTE
    CMSIS\\core_cm3.c                        0x00000000   Number         0  core_cm3.o ABSOLUTE
    CMSIS\core_cm3.c                         0x00000000   Number         0  core_cm3.o ABSOLUTE
    CMSIS\system_stm32f10x.c                 0x00000000   Number         0  system_stm32f10x.o ABSOLUTE
    Drivers\Delay.c                          0x00000000   Number         0  delay.o ABSOLUTE
    Drivers\Encoder.c                        0x00000000   Number         0  encoder.o ABSOLUTE
    Drivers\IOinput.c                        0x00000000   Number         0  ioinput.o ABSOLUTE
    Drivers\IOoutput.c                       0x00000000   Number         0  iooutput.o ABSOLUTE
    Drivers\Motor.c                          0x00000000   Number         0  motor.o ABSOLUTE
    Drivers\Pid.c                            0x00000000   Number         0  pid.o ABSOLUTE
    Drivers\Sensor.c                         0x00000000   Number         0  sensor.o ABSOLUTE
    Drivers\Servo.c                          0x00000000   Number         0  servo.o ABSOLUTE
    Drivers\Usart.c                          0x00000000   Number         0  usart.o ABSOLUTE
    Drivers\Zlg7290.c                        0x00000000   Number         0  zlg7290.o ABSOLUTE
    Libraries\src\misc.c                     0x00000000   Number         0  misc.o ABSOLUTE
    Libraries\src\stm32f10x_adc.c            0x00000000   Number         0  stm32f10x_adc.o ABSOLUTE
    Libraries\src\stm32f10x_dma.c            0x00000000   Number         0  stm32f10x_dma.o ABSOLUTE
    Libraries\src\stm32f10x_flash.c          0x00000000   Number         0  stm32f10x_flash.o ABSOLUTE
    Libraries\src\stm32f10x_gpio.c           0x00000000   Number         0  stm32f10x_gpio.o ABSOLUTE
    Libraries\src\stm32f10x_rcc.c            0x00000000   Number         0  stm32f10x_rcc.o ABSOLUTE
    Libraries\src\stm32f10x_tim.c            0x00000000   Number         0  stm32f10x_tim.o ABSOLUTE
    Libraries\src\stm32f10x_usart.c          0x00000000   Number         0  stm32f10x_usart.o ABSOLUTE
    Startup\startup_stm32f10x_md.s           0x00000000   Number         0  startup_stm32f10x_md.o ABSOLUTE
    User\main.c                              0x00000000   Number         0  main.o ABSOLUTE
    User\stm32f10x_it.c                      0x00000000   Number         0  stm32f10x_it.o ABSOLUTE
    dc.s                                     0x00000000   Number         0  dc.o ABSOLUTE
    handlers.s                               0x00000000   Number         0  handlers.o ABSOLUTE
    init.s                                   0x00000000   Number         0  init.o ABSOLUTE
    RESET                                    0x08000000   Section      236  startup_stm32f10x_md.o(RESET)
    .ARM.Collect$$$$00000000                 0x080000ec   Section        0  entry.o(.ARM.Collect$$$$00000000)
    .ARM.Collect$$$$00000001                 0x080000ec   Section        4  entry2.o(.ARM.Collect$$$$00000001)
    .ARM.Collect$$$$00000004                 0x080000f0   Section        4  entry5.o(.ARM.Collect$$$$00000004)
    .ARM.Collect$$$$00000008                 0x080000f4   Section        0  entry7b.o(.ARM.Collect$$$$00000008)
    .ARM.Collect$$$$0000000A                 0x080000f4   Section        0  entry8b.o(.ARM.Collect$$$$0000000A)
    .ARM.Collect$$$$0000000B                 0x080000f4   Section        8  entry9a.o(.ARM.Collect$$$$0000000B)
    .ARM.Collect$$$$0000000D                 0x080000fc   Section        0  entry10a.o(.ARM.Collect$$$$0000000D)
    .ARM.Collect$$$$0000000F                 0x080000fc   Section        0  entry11a.o(.ARM.Collect$$$$0000000F)
    .ARM.Collect$$$$00002712                 0x080000fc   Section        4  entry2.o(.ARM.Collect$$$$00002712)
    __lit__00000000                          0x080000fc   Data           4  entry2.o(.ARM.Collect$$$$00002712)
    .text                                    0x08000100   Section       36  startup_stm32f10x_md.o(.text)
    .text                                    0x08000124   Section        0  system_stm32f10x.o(.text)
    SetSysClockTo72                          0x08000125   Thumb Code   212  system_stm32f10x.o(.text)
    SetSysClock                              0x080001f9   Thumb Code     8  system_stm32f10x.o(.text)
    .text                                    0x08000300   Section        0  misc.o(.text)
    .text                                    0x080003dc   Section        0  stm32f10x_rcc.o(.text)
    .text                                    0x08000780   Section        0  stm32f10x_gpio.o(.text)
    .text                                    0x08000ad8   Section        0  stm32f10x_usart.o(.text)
    .text                                    0x08000ee0   Section        0  stm32f10x_adc.o(.text)
    .text                                    0x08001330   Section        0  stm32f10x_tim.o(.text)
    TI4_Config                               0x080017d7   Thumb Code   130  stm32f10x_tim.o(.text)
    TI3_Config                               0x0800186b   Thumb Code   122  stm32f10x_tim.o(.text)
    TI2_Config                               0x080018ff   Thumb Code   130  stm32f10x_tim.o(.text)
    TI1_Config                               0x08001993   Thumb Code   108  stm32f10x_tim.o(.text)
    .text                                    0x0800214a   Section        0  delay.o(.text)
    .text                                    0x08002188   Section        0  encoder.o(.text)
    .text                                    0x080023e8   Section        0  ioinput.o(.text)
    .text                                    0x080024e0   Section        0  iooutput.o(.text)
    .text                                    0x080025fc   Section        0  motor.o(.text)
    .text                                    0x08002754   Section        0  sensor.o(.text)
    .text                                    0x0800285c   Section        0  servo.o(.text)
    .text                                    0x08002958   Section        0  usart.o(.text)
    .text                                    0x08002ae8   Section        0  zlg7290.o(.text)
    Start                                    0x08002b8d   Thumb Code    62  zlg7290.o(.text)
    Stop                                     0x08002bcb   Thumb Code    52  zlg7290.o(.text)
    WriteByte                                0x08002bff   Thumb Code   178  zlg7290.o(.text)
    ReadByte                                 0x08002cb1   Thumb Code   128  zlg7290.o(.text)
    PutAck                                   0x08002d85   Thumb Code    68  zlg7290.o(.text)
    .text                                    0x080030a4   Section        0  main.o(.text)
    .text                                    0x0800369c   Section        0  stm32f10x_it.o(.text)
    .text                                    0x080036e8   Section       36  init.o(.text)
    i.__scatterload_copy                     0x0800370c   Section       14  handlers.o(i.__scatterload_copy)
    i.__scatterload_null                     0x0800371a   Section        2  handlers.o(i.__scatterload_null)
    i.__scatterload_zeroinit                 0x0800371c   Section       14  handlers.o(i.__scatterload_zeroinit)
    .constdata                               0x0800372a   Section        6  sensor.o(.constdata)
    .data                                    0x20000000   Section       20  system_stm32f10x.o(.data)
    .data                                    0x20000014   Section       20  stm32f10x_rcc.o(.data)
    APBAHBPrescTable                         0x20000014   Data          16  stm32f10x_rcc.o(.data)
    ADCPrescTable                            0x20000024   Data           4  stm32f10x_rcc.o(.data)
    .data                                    0x20000028   Section       28  encoder.o(.data)
    .data                                    0x20000044   Section       34  ioinput.o(.data)
    .data                                    0x20000066   Section       18  iooutput.o(.data)
    .data                                    0x20000078   Section        1  usart.o(.data)
    .data                                    0x20000079   Section        1  zlg7290.o(.data)
    .data                                    0x2000007c   Section       60  main.o(.data)
    .bss                                     0x200000b8   Section      144  pid.o(.bss)
    .bss                                     0x20000148   Section       26  main.o(.bss)
    STACK                                    0x20000168   Section     1024  startup_stm32f10x_md.o(STACK)

    Global Symbols

    Symbol Name                              Value     Ov Type        Size  Object(Section)

    BuildAttributes$$THM_ISAv4$P$D$K$B$S$PE$A:L22UL41UL21$X:L11$S22US41US21$IEEE1$IW$USESV6$~STKCKD$USESV7$~SHL$OSPACE$EBA8$MICROLIB$REQ8$PRES8$EABIv2 0x00000000   Number         0  anon$$obj.o ABSOLUTE
    __ARM_use_no_argv                        0x00000000   Number         0  main.o ABSOLUTE
    __cpp_initialize__aeabi_                  - Undefined Weak Reference
    __cxa_finalize                            - Undefined Weak Reference
    __decompress                              - Undefined Weak Reference
    _clock_init                               - Undefined Weak Reference
    _microlib_exit                            - Undefined Weak Reference
    __Vectors_Size                           0x000000ec   Number         0  startup_stm32f10x_md.o ABSOLUTE
    __Vectors                                0x08000000   Data           4  startup_stm32f10x_md.o(RESET)
    __Vectors_End                            0x080000ec   Data           0  startup_stm32f10x_md.o(RESET)
    __main                                   0x080000ed   Thumb Code     0  entry.o(.ARM.Collect$$$$00000000)
    _main_stk                                0x080000ed   Thumb Code     0  entry2.o(.ARM.Collect$$$$00000001)
    _main_scatterload                        0x080000f1   Thumb Code     0  entry5.o(.ARM.Collect$$$$00000004)
    __main_after_scatterload                 0x080000f5   Thumb Code     0  entry5.o(.ARM.Collect$$$$00000004)
    _main_clock                              0x080000f5   Thumb Code     0  entry7b.o(.ARM.Collect$$$$00000008)
    _main_cpp_init                           0x080000f5   Thumb Code     0  entry8b.o(.ARM.Collect$$$$0000000A)
    _main_init                               0x080000f5   Thumb Code     0  entry9a.o(.ARM.Collect$$$$0000000B)
    __rt_final_cpp                           0x080000fd   Thumb Code     0  entry10a.o(.ARM.Collect$$$$0000000D)
    __rt_final_exit                          0x080000fd   Thumb Code     0  entry11a.o(.ARM.Collect$$$$0000000F)
    Reset_Handler                            0x08000101   Thumb Code     8  startup_stm32f10x_md.o(.text)
    ADC1_2_IRQHandler                        0x0800011b   Thumb Code     0  startup_stm32f10x_md.o(.text)
    CAN1_RX1_IRQHandler                      0x0800011b   Thumb Code     0  startup_stm32f10x_md.o(.text)
    CAN1_SCE_IRQHandler                      0x0800011b   Thumb Code     0  startup_stm32f10x_md.o(.text)
    DMA1_Channel1_IRQHandler                 0x0800011b   Thumb Code     0  startup_stm32f10x_md.o(.text)
    DMA1_Channel2_IRQHandler                 0x0800011b   Thumb Code     0  startup_stm32f10x_md.o(.text)
    DMA1_Channel3_IRQHandler                 0x0800011b   Thumb Code     0  startup_stm32f10x_md.o(.text)
    DMA1_Channel4_IRQHandler                 0x0800011b   Thumb Code     0  startup_stm32f10x_md.o(.text)
    DMA1_Channel5_IRQHandler                 0x0800011b   Thumb Code     0  startup_stm32f10x_md.o(.text)
    DMA1_Channel6_IRQHandler                 0x0800011b   Thumb Code     0  startup_stm32f10x_md.o(.text)
    DMA1_Channel7_IRQHandler                 0x0800011b   Thumb Code     0  startup_stm32f10x_md.o(.text)
    EXTI0_IRQHandler                         0x0800011b   Thumb Code     0  startup_stm32f10x_md.o(.text)
    EXTI15_10_IRQHandler                     0x0800011b   Thumb Code     0  startup_stm32f10x_md.o(.text)
    EXTI1_IRQHandler                         0x0800011b   Thumb Code     0  startup_stm32f10x_md.o(.text)
    EXTI2_IRQHandler                         0x0800011b   Thumb Code     0  startup_stm32f10x_md.o(.text)
    EXTI3_IRQHandler                         0x0800011b   Thumb Code     0  startup_stm32f10x_md.o(.text)
    EXTI4_IRQHandler                         0x0800011b   Thumb Code     0  startup_stm32f10x_md.o(.text)
    EXTI9_5_IRQHandler                       0x0800011b   Thumb Code     0  startup_stm32f10x_md.o(.text)
    FLASH_IRQHandler                         0x0800011b   Thumb Code     0  startup_stm32f10x_md.o(.text)
    I2C1_ER_IRQHandler                       0x0800011b   Thumb Code     0  startup_stm32f10x_md.o(.text)
    I2C1_EV_IRQHandler                       0x0800011b   Thumb Code     0  startup_stm32f10x_md.o(.text)
    I2C2_ER_IRQHandler                       0x0800011b   Thumb Code     0  startup_stm32f10x_md.o(.text)
    I2C2_EV_IRQHandler                       0x0800011b   Thumb Code     0  startup_stm32f10x_md.o(.text)
    PVD_IRQHandler                           0x0800011b   Thumb Code     0  startup_stm32f10x_md.o(.text)
    RCC_IRQHandler                           0x0800011b   Thumb Code     0  startup_stm32f10x_md.o(.text)
    RTCAlarm_IRQHandler                      0x0800011b   Thumb Code     0  startup_stm32f10x_md.o(.text)
    RTC_IRQHandler                           0x0800011b   Thumb Code     0  startup_stm32f10x_md.o(.text)
    SPI1_IRQHandler                          0x0800011b   Thumb Code     0  startup_stm32f10x_md.o(.text)
    SPI2_IRQHandler                          0x0800011b   Thumb Code     0  startup_stm32f10x_md.o(.text)
    TAMPER_IRQHandler                        0x0800011b   Thumb Code     0  startup_stm32f10x_md.o(.text)
    TIM1_BRK_IRQHandler                      0x0800011b   Thumb Code     0  startup_stm32f10x_md.o(.text)
    TIM1_CC_IRQHandler                       0x0800011b   Thumb Code     0  startup_stm32f10x_md.o(.text)
    TIM1_TRG_COM_IRQHandler                  0x0800011b   Thumb Code     0  startup_stm32f10x_md.o(.text)
    TIM1_UP_IRQHandler                       0x0800011b   Thumb Code     0  startup_stm32f10x_md.o(.text)
    TIM3_IRQHandler                          0x0800011b   Thumb Code     0  startup_stm32f10x_md.o(.text)
    USART2_IRQHandler                        0x0800011b   Thumb Code     0  startup_stm32f10x_md.o(.text)
    USART3_IRQHandler                        0x0800011b   Thumb Code     0  startup_stm32f10x_md.o(.text)
    USBWakeUp_IRQHandler                     0x0800011b   Thumb Code     0  startup_stm32f10x_md.o(.text)
    USB_HP_CAN1_TX_IRQHandler                0x0800011b   Thumb Code     0  startup_stm32f10x_md.o(.text)
    USB_LP_CAN1_RX0_IRQHandler               0x0800011b   Thumb Code     0  startup_stm32f10x_md.o(.text)
    WWDG_IRQHandler                          0x0800011b   Thumb Code     0  startup_stm32f10x_md.o(.text)
    SystemInit                               0x08000201   Thumb Code    78  system_stm32f10x.o(.text)
    SystemCoreClockUpdate                    0x0800024f   Thumb Code   142  system_stm32f10x.o(.text)
    NVIC_PriorityGroupConfig                 0x08000301   Thumb Code    10  misc.o(.text)
    NVIC_Init                                0x0800030b   Thumb Code   102  misc.o(.text)
    NVIC_SetVectorTable                      0x08000371   Thumb Code    14  misc.o(.text)
    NVIC_SystemLPConfig                      0x0800037f   Thumb Code    34  misc.o(.text)
    SysTick_CLKSourceConfig                  0x080003a1   Thumb Code    40  misc.o(.text)
    RCC_DeInit                               0x080003dd   Thumb Code    64  stm32f10x_rcc.o(.text)
    RCC_HSEConfig                            0x0800041d   Thumb Code    70  stm32f10x_rcc.o(.text)
    RCC_GetFlagStatus                        0x08000463   Thumb Code    56  stm32f10x_rcc.o(.text)
    RCC_WaitForHSEStartUp                    0x0800049b   Thumb Code    56  stm32f10x_rcc.o(.text)
    RCC_AdjustHSICalibrationValue            0x080004d3   Thumb Code    20  stm32f10x_rcc.o(.text)
    RCC_HSICmd                               0x080004e7   Thumb Code     6  stm32f10x_rcc.o(.text)
    RCC_PLLConfig                            0x080004ed   Thumb Code    24  stm32f10x_rcc.o(.text)
    RCC_PLLCmd                               0x08000505   Thumb Code     6  stm32f10x_rcc.o(.text)
    RCC_SYSCLKConfig                         0x0800050b   Thumb Code    18  stm32f10x_rcc.o(.text)
    RCC_GetSYSCLKSource                      0x0800051d   Thumb Code    10  stm32f10x_rcc.o(.text)
    RCC_HCLKConfig                           0x08000527   Thumb Code    18  stm32f10x_rcc.o(.text)
    RCC_PCLK1Config                          0x08000539   Thumb Code    18  stm32f10x_rcc.o(.text)
    RCC_PCLK2Config                          0x0800054b   Thumb Code    20  stm32f10x_rcc.o(.text)
    RCC_ITConfig                             0x0800055f   Thumb Code    26  stm32f10x_rcc.o(.text)
    RCC_USBCLKConfig                         0x08000579   Thumb Code     6  stm32f10x_rcc.o(.text)
    RCC_ADCCLKConfig                         0x0800057f   Thumb Code    18  stm32f10x_rcc.o(.text)
    RCC_LSEConfig                            0x08000591   Thumb Code    44  stm32f10x_rcc.o(.text)
    RCC_LSICmd                               0x080005bd   Thumb Code     6  stm32f10x_rcc.o(.text)
    RCC_RTCCLKConfig                         0x080005c3   Thumb Code    12  stm32f10x_rcc.o(.text)
    RCC_RTCCLKCmd                            0x080005cf   Thumb Code     8  stm32f10x_rcc.o(.text)
    RCC_GetClocksFreq                        0x080005d7   Thumb Code   192  stm32f10x_rcc.o(.text)
    RCC_AHBPeriphClockCmd                    0x08000697   Thumb Code    26  stm32f10x_rcc.o(.text)
    RCC_APB2PeriphClockCmd                   0x080006b1   Thumb Code    26  stm32f10x_rcc.o(.text)
    RCC_APB1PeriphClockCmd                   0x080006cb   Thumb Code    26  stm32f10x_rcc.o(.text)
    RCC_APB2PeriphResetCmd                   0x080006e5   Thumb Code    26  stm32f10x_rcc.o(.text)
    RCC_APB1PeriphResetCmd                   0x080006ff   Thumb Code    26  stm32f10x_rcc.o(.text)
    RCC_BackupResetCmd                       0x08000719   Thumb Code     8  stm32f10x_rcc.o(.text)
    RCC_ClockSecuritySystemCmd               0x08000721   Thumb Code     6  stm32f10x_rcc.o(.text)
    RCC_MCOConfig                            0x08000727   Thumb Code     6  stm32f10x_rcc.o(.text)
    RCC_ClearFlag                            0x0800072d   Thumb Code    14  stm32f10x_rcc.o(.text)
    RCC_GetITStatus                          0x0800073b   Thumb Code    20  stm32f10x_rcc.o(.text)
    RCC_ClearITPendingBit                    0x0800074f   Thumb Code     6  stm32f10x_rcc.o(.text)
    GPIO_DeInit                              0x08000781   Thumb Code   172  stm32f10x_gpio.o(.text)
    GPIO_AFIODeInit                          0x0800082d   Thumb Code    20  stm32f10x_gpio.o(.text)
    GPIO_Init                                0x08000841   Thumb Code   274  stm32f10x_gpio.o(.text)
    GPIO_StructInit                          0x08000953   Thumb Code    16  stm32f10x_gpio.o(.text)
    GPIO_ReadInputDataBit                    0x08000963   Thumb Code    18  stm32f10x_gpio.o(.text)
    GPIO_ReadInputData                       0x08000975   Thumb Code     8  stm32f10x_gpio.o(.text)
    GPIO_ReadOutputDataBit                   0x0800097d   Thumb Code    18  stm32f10x_gpio.o(.text)
    GPIO_ReadOutputData                      0x0800098f   Thumb Code     8  stm32f10x_gpio.o(.text)
    GPIO_SetBits                             0x08000997   Thumb Code     4  stm32f10x_gpio.o(.text)
    GPIO_ResetBits                           0x0800099b   Thumb Code     4  stm32f10x_gpio.o(.text)
    GPIO_WriteBit                            0x0800099f   Thumb Code    10  stm32f10x_gpio.o(.text)
    GPIO_Write                               0x080009a9   Thumb Code     4  stm32f10x_gpio.o(.text)
    GPIO_PinLockConfig                       0x080009ad   Thumb Code    18  stm32f10x_gpio.o(.text)
    GPIO_EventOutputConfig                   0x080009bf   Thumb Code    26  stm32f10x_gpio.o(.text)
    GPIO_EventOutputCmd                      0x080009d9   Thumb Code     6  stm32f10x_gpio.o(.text)
    GPIO_PinRemapConfig                      0x080009df   Thumb Code   138  stm32f10x_gpio.o(.text)
    GPIO_EXTILineConfig                      0x08000a69   Thumb Code    66  stm32f10x_gpio.o(.text)
    GPIO_ETH_MediaInterfaceConfig            0x08000aab   Thumb Code     6  stm32f10x_gpio.o(.text)
    USART_DeInit                             0x08000ad9   Thumb Code   134  stm32f10x_usart.o(.text)
    USART_Init                               0x08000b5f   Thumb Code   210  stm32f10x_usart.o(.text)
    USART_StructInit                         0x08000c31   Thumb Code    24  stm32f10x_usart.o(.text)
    USART_ClockInit                          0x08000c49   Thumb Code    34  stm32f10x_usart.o(.text)
    USART_ClockStructInit                    0x08000c6b   Thumb Code    12  stm32f10x_usart.o(.text)
    USART_Cmd                                0x08000c77   Thumb Code    24  stm32f10x_usart.o(.text)
    USART_ITConfig                           0x08000c8f   Thumb Code    74  stm32f10x_usart.o(.text)
    USART_DMACmd                             0x08000cd9   Thumb Code    18  stm32f10x_usart.o(.text)
    USART_SetAddress                         0x08000ceb   Thumb Code    18  stm32f10x_usart.o(.text)
    USART_WakeUpConfig                       0x08000cfd   Thumb Code    18  stm32f10x_usart.o(.text)
    USART_ReceiverWakeUpCmd                  0x08000d0f   Thumb Code    24  stm32f10x_usart.o(.text)
    USART_LINBreakDetectLengthConfig         0x08000d27   Thumb Code    18  stm32f10x_usart.o(.text)
    USART_LINCmd                             0x08000d39   Thumb Code    24  stm32f10x_usart.o(.text)
    USART_SendData                           0x08000d51   Thumb Code     8  stm32f10x_usart.o(.text)
    USART_ReceiveData                        0x08000d59   Thumb Code    10  stm32f10x_usart.o(.text)
    USART_SendBreak                          0x08000d63   Thumb Code    10  stm32f10x_usart.o(.text)
    USART_SetGuardTime                       0x08000d6d   Thumb Code    16  stm32f10x_usart.o(.text)
    USART_SetPrescaler                       0x08000d7d   Thumb Code    16  stm32f10x_usart.o(.text)
    USART_SmartCardCmd                       0x08000d8d   Thumb Code    24  stm32f10x_usart.o(.text)
    USART_SmartCardNACKCmd                   0x08000da5   Thumb Code    24  stm32f10x_usart.o(.text)
    USART_HalfDuplexCmd                      0x08000dbd   Thumb Code    24  stm32f10x_usart.o(.text)
    USART_OverSampling8Cmd                   0x08000dd5   Thumb Code    22  stm32f10x_usart.o(.text)
    USART_OneBitMethodCmd                    0x08000deb   Thumb Code    24  stm32f10x_usart.o(.text)
    USART_IrDAConfig                         0x08000e03   Thumb Code    18  stm32f10x_usart.o(.text)
    USART_IrDACmd                            0x08000e15   Thumb Code    24  stm32f10x_usart.o(.text)
    USART_GetFlagStatus                      0x08000e2d   Thumb Code    26  stm32f10x_usart.o(.text)
    USART_ClearFlag                          0x08000e47   Thumb Code    18  stm32f10x_usart.o(.text)
    USART_GetITStatus                        0x08000e59   Thumb Code    84  stm32f10x_usart.o(.text)
    USART_ClearITPendingBit                  0x08000ead   Thumb Code    52  stm32f10x_usart.o(.text)
    ADC_DeInit                               0x08000ee1   Thumb Code    78  stm32f10x_adc.o(.text)
    ADC_Init                                 0x08000f2f   Thumb Code    70  stm32f10x_adc.o(.text)
    ADC_StructInit                           0x08000f75   Thumb Code    18  stm32f10x_adc.o(.text)
    ADC_Cmd                                  0x08000f87   Thumb Code    22  stm32f10x_adc.o(.text)
    ADC_DMACmd                               0x08000f9d   Thumb Code    22  stm32f10x_adc.o(.text)
    ADC_ITConfig                             0x08000fb3   Thumb Code    24  stm32f10x_adc.o(.text)
    ADC_ResetCalibration                     0x08000fcb   Thumb Code    10  stm32f10x_adc.o(.text)
    ADC_GetResetCalibrationStatus            0x08000fd5   Thumb Code    20  stm32f10x_adc.o(.text)
    ADC_StartCalibration                     0x08000fe9   Thumb Code    10  stm32f10x_adc.o(.text)
    ADC_GetCalibrationStatus                 0x08000ff3   Thumb Code    20  stm32f10x_adc.o(.text)
    ADC_SoftwareStartConvCmd                 0x08001007   Thumb Code    22  stm32f10x_adc.o(.text)
    ADC_GetSoftwareStartConvStatus           0x0800101d   Thumb Code    20  stm32f10x_adc.o(.text)
    ADC_DiscModeChannelCountConfig           0x08001031   Thumb Code    24  stm32f10x_adc.o(.text)
    ADC_DiscModeCmd                          0x08001049   Thumb Code    22  stm32f10x_adc.o(.text)
    ADC_RegularChannelConfig                 0x0800105f   Thumb Code   184  stm32f10x_adc.o(.text)
    ADC_ExternalTrigConvCmd                  0x08001117   Thumb Code    22  stm32f10x_adc.o(.text)
    ADC_GetConversionValue                   0x0800112d   Thumb Code     8  stm32f10x_adc.o(.text)
    ADC_GetDualModeConversionValue           0x08001135   Thumb Code     8  stm32f10x_adc.o(.text)
    ADC_AutoInjectedConvCmd                  0x0800113d   Thumb Code    22  stm32f10x_adc.o(.text)
    ADC_InjectedDiscModeCmd                  0x08001153   Thumb Code    22  stm32f10x_adc.o(.text)
    ADC_ExternalTrigInjectedConvConfig       0x08001169   Thumb Code    16  stm32f10x_adc.o(.text)
    ADC_ExternalTrigInjectedConvCmd          0x08001179   Thumb Code    22  stm32f10x_adc.o(.text)
    ADC_SoftwareStartInjectedConvCmd         0x0800118f   Thumb Code    22  stm32f10x_adc.o(.text)
    ADC_GetSoftwareStartInjectedConvCmdStatus 0x080011a5   Thumb Code    20  stm32f10x_adc.o(.text)
    ADC_InjectedChannelConfig                0x080011b9   Thumb Code   130  stm32f10x_adc.o(.text)
    ADC_InjectedSequencerLengthConfig        0x0800123b   Thumb Code    24  stm32f10x_adc.o(.text)
    ADC_SetInjectedOffset                    0x08001253   Thumb Code    20  stm32f10x_adc.o(.text)
    ADC_GetInjectedConversionValue           0x08001267   Thumb Code    28  stm32f10x_adc.o(.text)
    ADC_AnalogWatchdogCmd                    0x08001283   Thumb Code    16  stm32f10x_adc.o(.text)
    ADC_AnalogWatchdogThresholdsConfig       0x08001293   Thumb Code     6  stm32f10x_adc.o(.text)
    ADC_AnalogWatchdogSingleChannelConfig    0x08001299   Thumb Code    16  stm32f10x_adc.o(.text)
    ADC_TempSensorVrefintCmd                 0x080012a9   Thumb Code    64  stm32f10x_adc.o(.text)
    ADC_GetFlagStatus                        0x080012e9   Thumb Code    18  stm32f10x_adc.o(.text)
    ADC_ClearFlag                            0x080012fb   Thumb Code     6  stm32f10x_adc.o(.text)
    ADC_GetITStatus                          0x08001301   Thumb Code    36  stm32f10x_adc.o(.text)
    ADC_ClearITPendingBit                    0x08001325   Thumb Code    10  stm32f10x_adc.o(.text)
    TIM_DeInit                               0x08001331   Thumb Code   424  stm32f10x_tim.o(.text)
    TIM_TimeBaseInit                         0x080014d9   Thumb Code   122  stm32f10x_tim.o(.text)
    TIM_OC1Init                              0x08001553   Thumb Code   132  stm32f10x_tim.o(.text)
    TIM_OC2Init                              0x080015d7   Thumb Code   154  stm32f10x_tim.o(.text)
    TIM_OC3Init                              0x08001671   Thumb Code   150  stm32f10x_tim.o(.text)
    TIM_OC4Init                              0x08001707   Thumb Code   182  stm32f10x_tim.o(.text)
    TIM_SetIC4Prescaler                      0x080017bd   Thumb Code    26  stm32f10x_tim.o(.text)
    TIM_SetIC3Prescaler                      0x08001859   Thumb Code    18  stm32f10x_tim.o(.text)
    TIM_SetIC2Prescaler                      0x080018e5   Thumb Code    26  stm32f10x_tim.o(.text)
    TIM_SetIC1Prescaler                      0x08001981   Thumb Code    18  stm32f10x_tim.o(.text)
    TIM_ICInit                               0x080019ff   Thumb Code   150  stm32f10x_tim.o(.text)
    TIM_PWMIConfig                           0x08001a95   Thumb Code   124  stm32f10x_tim.o(.text)
    TIM_BDTRConfig                           0x08001b11   Thumb Code    32  stm32f10x_tim.o(.text)
    TIM_TimeBaseStructInit                   0x08001b31   Thumb Code    18  stm32f10x_tim.o(.text)
    TIM_OCStructInit                         0x08001b43   Thumb Code    20  stm32f10x_tim.o(.text)
    TIM_ICStructInit                         0x08001b57   Thumb Code    18  stm32f10x_tim.o(.text)
    TIM_BDTRStructInit                       0x08001b69   Thumb Code    40  stm32f10x_tim.o(.text)
    TIM_Cmd                                  0x08001b91   Thumb Code    24  stm32f10x_tim.o(.text)
    TIM_CtrlPWMOutputs                       0x08001ba9   Thumb Code    30  stm32f10x_tim.o(.text)
    TIM_ITConfig                             0x08001bc7   Thumb Code    18  stm32f10x_tim.o(.text)
    TIM_GenerateEvent                        0x08001bd9   Thumb Code     4  stm32f10x_tim.o(.text)
    TIM_DMAConfig                            0x08001bdd   Thumb Code    10  stm32f10x_tim.o(.text)
    TIM_DMACmd                               0x08001be7   Thumb Code    18  stm32f10x_tim.o(.text)
    TIM_InternalClockConfig                  0x08001bf9   Thumb Code    12  stm32f10x_tim.o(.text)
    TIM_SelectInputTrigger                   0x08001c05   Thumb Code    18  stm32f10x_tim.o(.text)
    TIM_ITRxExternalClockConfig              0x08001c17   Thumb Code    24  stm32f10x_tim.o(.text)
    TIM_TIxExternalClockConfig               0x08001c2f   Thumb Code    62  stm32f10x_tim.o(.text)
    TIM_ETRConfig                            0x08001c6d   Thumb Code    28  stm32f10x_tim.o(.text)
    TIM_ETRClockMode1Config                  0x08001c89   Thumb Code    54  stm32f10x_tim.o(.text)
    TIM_ETRClockMode2Config                  0x08001cbf   Thumb Code    32  stm32f10x_tim.o(.text)
    TIM_PrescalerConfig                      0x08001cdf   Thumb Code     6  stm32f10x_tim.o(.text)
    TIM_CounterModeConfig                    0x08001ce5   Thumb Code    18  stm32f10x_tim.o(.text)
    TIM_EncoderInterfaceConfig               0x08001cf7   Thumb Code    66  stm32f10x_tim.o(.text)
    TIM_ForcedOC1Config                      0x08001d39   Thumb Code    18  stm32f10x_tim.o(.text)
    TIM_ForcedOC2Config                      0x08001d4b   Thumb Code    26  stm32f10x_tim.o(.text)
    TIM_ForcedOC3Config                      0x08001d65   Thumb Code    18  stm32f10x_tim.o(.text)
    TIM_ForcedOC4Config                      0x08001d77   Thumb Code    26  stm32f10x_tim.o(.text)
    TIM_ARRPreloadConfig                     0x08001d91   Thumb Code    24  stm32f10x_tim.o(.text)
    TIM_SelectCOM                            0x08001da9   Thumb Code    24  stm32f10x_tim.o(.text)
    TIM_SelectCCDMA                          0x08001dc1   Thumb Code    24  stm32f10x_tim.o(.text)
    TIM_CCPreloadControl                     0x08001dd9   Thumb Code    24  stm32f10x_tim.o(.text)
    TIM_OC1PreloadConfig                     0x08001df1   Thumb Code    18  stm32f10x_tim.o(.text)
    TIM_OC2PreloadConfig                     0x08001e03   Thumb Code    26  stm32f10x_tim.o(.text)
    TIM_OC3PreloadConfig                     0x08001e1d   Thumb Code    18  stm32f10x_tim.o(.text)
    TIM_OC4PreloadConfig                     0x08001e2f   Thumb Code    26  stm32f10x_tim.o(.text)
    TIM_OC1FastConfig                        0x08001e49   Thumb Code    18  stm32f10x_tim.o(.text)
    TIM_OC2FastConfig                        0x08001e5b   Thumb Code    26  stm32f10x_tim.o(.text)
    TIM_OC3FastConfig                        0x08001e75   Thumb Code    18  stm32f10x_tim.o(.text)
    TIM_OC4FastConfig                        0x08001e87   Thumb Code    26  stm32f10x_tim.o(.text)
    TIM_ClearOC1Ref                          0x08001ea1   Thumb Code    18  stm32f10x_tim.o(.text)
    TIM_ClearOC2Ref                          0x08001eb3   Thumb Code    24  stm32f10x_tim.o(.text)
    TIM_ClearOC3Ref                          0x08001ecb   Thumb Code    18  stm32f10x_tim.o(.text)
    TIM_ClearOC4Ref                          0x08001edd   Thumb Code    24  stm32f10x_tim.o(.text)
    TIM_OC1PolarityConfig                    0x08001ef5   Thumb Code    18  stm32f10x_tim.o(.text)
    TIM_OC1NPolarityConfig                   0x08001f07   Thumb Code    18  stm32f10x_tim.o(.text)
    TIM_OC2PolarityConfig                    0x08001f19   Thumb Code    26  stm32f10x_tim.o(.text)
    TIM_OC2NPolarityConfig                   0x08001f33   Thumb Code    26  stm32f10x_tim.o(.text)
    TIM_OC3PolarityConfig                    0x08001f4d   Thumb Code    26  stm32f10x_tim.o(.text)
    TIM_OC3NPolarityConfig                   0x08001f67   Thumb Code    26  stm32f10x_tim.o(.text)
    TIM_OC4PolarityConfig                    0x08001f81   Thumb Code    26  stm32f10x_tim.o(.text)
    TIM_CCxCmd                               0x08001f9b   Thumb Code    30  stm32f10x_tim.o(.text)
    TIM_CCxNCmd                              0x08001fb9   Thumb Code    30  stm32f10x_tim.o(.text)
    TIM_SelectOCxM                           0x08001fd7   Thumb Code    82  stm32f10x_tim.o(.text)
    TIM_UpdateDisableConfig                  0x08002029   Thumb Code    24  stm32f10x_tim.o(.text)
    TIM_UpdateRequestConfig                  0x08002041   Thumb Code    24  stm32f10x_tim.o(.text)
    TIM_SelectHallSensor                     0x08002059   Thumb Code    24  stm32f10x_tim.o(.text)
    TIM_SelectOnePulseMode                   0x08002071   Thumb Code    18  stm32f10x_tim.o(.text)
    TIM_SelectOutputTrigger                  0x08002083   Thumb Code    18  stm32f10x_tim.o(.text)
    TIM_SelectSlaveMode                      0x08002095   Thumb Code    18  stm32f10x_tim.o(.text)
    TIM_SelectMasterSlaveMode                0x080020a7   Thumb Code    18  stm32f10x_tim.o(.text)
    TIM_SetCounter                           0x080020b9   Thumb Code     4  stm32f10x_tim.o(.text)
    TIM_SetAutoreload                        0x080020bd   Thumb Code     4  stm32f10x_tim.o(.text)
    TIM_SetCompare1                          0x080020c1   Thumb Code     4  stm32f10x_tim.o(.text)
    TIM_SetCompare2                          0x080020c5   Thumb Code     4  stm32f10x_tim.o(.text)
    TIM_SetCompare3                          0x080020c9   Thumb Code     4  stm32f10x_tim.o(.text)
    TIM_SetCompare4                          0x080020cd   Thumb Code     6  stm32f10x_tim.o(.text)
    TIM_SetClockDivision                     0x080020d3   Thumb Code    18  stm32f10x_tim.o(.text)
    TIM_GetCapture1                          0x080020e5   Thumb Code     6  stm32f10x_tim.o(.text)
    TIM_GetCapture2                          0x080020eb   Thumb Code     6  stm32f10x_tim.o(.text)
    TIM_GetCapture3                          0x080020f1   Thumb Code     6  stm32f10x_tim.o(.text)
    TIM_GetCapture4                          0x080020f7   Thumb Code     8  stm32f10x_tim.o(.text)
    TIM_GetCounter                           0x080020ff   Thumb Code     6  stm32f10x_tim.o(.text)
    TIM_GetPrescaler                         0x08002105   Thumb Code     6  stm32f10x_tim.o(.text)
    TIM_GetFlagStatus                        0x0800210b   Thumb Code    18  stm32f10x_tim.o(.text)
    TIM_ClearFlag                            0x0800211d   Thumb Code     6  stm32f10x_tim.o(.text)
    TIM_GetITStatus                          0x08002123   Thumb Code    34  stm32f10x_tim.o(.text)
    TIM_ClearITPendingBit                    0x08002145   Thumb Code     6  stm32f10x_tim.o(.text)
    Delay_us                                 0x0800214b   Thumb Code    30  delay.o(.text)
    Delay_ms                                 0x08002169   Thumb Code    32  delay.o(.text)
    EncoderIOInit                            0x08002189   Thumb Code    62  encoder.o(.text)
    EncoderTIMInit                           0x080021c7   Thumb Code   208  encoder.o(.text)
    EncoderInit                              0x08002297   Thumb Code    12  encoder.o(.text)
    GetSpeed                                 0x080022a3   Thumb Code   272  encoder.o(.text)
    InputIOInit                              0x080023e9   Thumb Code   110  ioinput.o(.text)
    GetKeyState                              0x08002457   Thumb Code   120  ioinput.o(.text)
    OutputIOInit                             0x080024e1   Thumb Code   112  iooutput.o(.text)
    SetHigh                                  0x08002551   Thumb Code    78  iooutput.o(.text)
    SetLow                                   0x0800259f   Thumb Code    78  iooutput.o(.text)
    MotorIOInit                              0x080025fd   Thumb Code    72  motor.o(.text)
    MotorTIMInit                             0x08002645   Thumb Code   136  motor.o(.text)
    SetMotor2PWM                             0x080026cd   Thumb Code    54  motor.o(.text)
    SetMotor1PWM                             0x08002703   Thumb Code    54  motor.o(.text)
    MotorInit                                0x08002739   Thumb Code    24  motor.o(.text)
    SensorIOInit                             0x08002755   Thumb Code    60  sensor.o(.text)
    SensorADCInit                            0x08002791   Thumb Code   106  sensor.o(.text)
    SensorInit                               0x080027fb   Thumb Code    12  sensor.o(.text)
    GetADCValue                              0x08002807   Thumb Code    70  sensor.o(.text)
    ServoIOInit                              0x0800285d   Thumb Code    38  servo.o(.text)
    ServoTIMInit                             0x08002883   Thumb Code   150  servo.o(.text)
    ServoInit                                0x08002919   Thumb Code    28  servo.o(.text)
    SetServo1PWM                             0x08002935   Thumb Code    14  servo.o(.text)
    SetServo2PWM                             0x08002943   Thumb Code    14  servo.o(.text)
    UsartIOInit                              0x08002959   Thumb Code   112  usart.o(.text)
    UsartConfig                              0x080029c9   Thumb Code   162  usart.o(.text)
    UsartInit                                0x08002a6b   Thumb Code    12  usart.o(.text)
    SendData                                 0x08002a77   Thumb Code    28  usart.o(.text)
    Send1Data                                0x08002a93   Thumb Code    28  usart.o(.text)
    USART1_IRQHandler                        0x08002aaf   Thumb Code    36  usart.o(.text)
    IIC_RCC_Configration                     0x08002ae9   Thumb Code    12  zlg7290.o(.text)
    IIC_CLK_Configration                     0x08002af5   Thumb Code    40  zlg7290.o(.text)
    IIC_SDA_DIR                              0x08002b1d   Thumb Code    52  zlg7290.o(.text)
    ZLG7290Init                              0x08002b51   Thumb Code    60  zlg7290.o(.text)
    GetAck                                   0x08002d31   Thumb Code    84  zlg7290.o(.text)
    IICSendByte                              0x08002dc9   Thumb Code    36  zlg7290.o(.text)
    IICSendTwoByte                           0x08002ded   Thumb Code    54  zlg7290.o(.text)
    IICRecieveByte                           0x08002e23   Thumb Code    54  zlg7290.o(.text)
    SwitchNumber                             0x08002e59   Thumb Code   112  zlg7290.o(.text)
    SendSingleCommandToZLG7290               0x08002ec9   Thumb Code    32  zlg7290.o(.text)
    SendCompuondCommandToZLG7290             0x08002ee9   Thumb Code    56  zlg7290.o(.text)
    ZLG7290ClearAll                          0x08002f21   Thumb Code    52  zlg7290.o(.text)
    UpdataZLG7290                            0x08002f55   Thumb Code    60  zlg7290.o(.text)
    ReadKeys                                 0x08002f91   Thumb Code    58  zlg7290.o(.text)
    KeyBoardShowLong                         0x08002fcb   Thumb Code    92  zlg7290.o(.text)
    ReadKeyAndDisplay                        0x08003027   Thumb Code   120  zlg7290.o(.text)
    Test_Main                                0x080030a5   Thumb Code   978  main.o(.text)
    SystemStart                              0x08003477   Thumb Code     4  main.o(.text)
    main                                     0x0800347b   Thumb Code    90  main.o(.text)
    Test_InputIO                             0x080034d5   Thumb Code    28  main.o(.text)
    Test_OutputIO                            0x080034f1   Thumb Code   116  main.o(.text)
    Test_Sensor                              0x08003565   Thumb Code    34  main.o(.text)
    Test_Usart                               0x08003587   Thumb Code    24  main.o(.text)
    Test_ZLG7290                             0x0800359f   Thumb Code   168  main.o(.text)
    Test_Motor                               0x08003647   Thumb Code    24  main.o(.text)
    Test_Servo                               0x0800365f   Thumb Code    24  main.o(.text)
    Test_Encoder                             0x08003677   Thumb Code    16  main.o(.text)
    Test_V_PID                               0x08003687   Thumb Code     2  main.o(.text)
    NMI_Handler                              0x0800369d   Thumb Code     2  stm32f10x_it.o(.text)
    HardFault_Handler                        0x0800369f   Thumb Code     4  stm32f10x_it.o(.text)
    MemManage_Handler                        0x080036a3   Thumb Code     4  stm32f10x_it.o(.text)
    BusFault_Handler                         0x080036a7   Thumb Code     4  stm32f10x_it.o(.text)
    UsageFault_Handler                       0x080036ab   Thumb Code     4  stm32f10x_it.o(.text)
    SVC_Handler                              0x080036af   Thumb Code     2  stm32f10x_it.o(.text)
    DebugMon_Handler                         0x080036b1   Thumb Code     2  stm32f10x_it.o(.text)
    PendSV_Handler                           0x080036b3   Thumb Code     2  stm32f10x_it.o(.text)
    SysTick_Handler                          0x080036b5   Thumb Code     2  stm32f10x_it.o(.text)
    TIM2_IRQHandler                          0x080036b7   Thumb Code    22  stm32f10x_it.o(.text)
    TIM4_IRQHandler                          0x080036cd   Thumb Code    22  stm32f10x_it.o(.text)
    __scatterload                            0x080036e9   Thumb Code    28  init.o(.text)
    __scatterload_rt2                        0x080036e9   Thumb Code     0  init.o(.text)
    __scatterload_copy                       0x0800370d   Thumb Code    14  handlers.o(i.__scatterload_copy)
    __scatterload_null                       0x0800371b   Thumb Code     2  handlers.o(i.__scatterload_null)
    __scatterload_zeroinit                   0x0800371d   Thumb Code    14  handlers.o(i.__scatterload_zeroinit)
    AD_Map                                   0x0800372a   Data           6  sensor.o(.constdata)
    Region$$Table$$Base                      0x08003730   Number         0  anon$$obj.o(Region$$Table)
    Region$$Table$$Limit                     0x08003750   Number         0  anon$$obj.o(Region$$Table)
    SystemCoreClock                          0x20000000   Data           4  system_stm32f10x.o(.data)
    AHBPrescTable                            0x20000004   Data          16  system_stm32f10x.o(.data)
    Speed_L_Get                              0x20000028   Data           4  encoder.o(.data)
    Speed_R_Get                              0x2000002c   Data           4  encoder.o(.data)
    Last_Speed_L_Get                         0x20000030   Data           4  encoder.o(.data)
    Last_Speed_R_Get                         0x20000034   Data           4  encoder.o(.data)
    R_Sum_Step                               0x20000038   Data           4  encoder.o(.data)
    L_Sum_Step                               0x2000003c   Data           4  encoder.o(.data)
    Sum_Step                                 0x20000040   Data           4  encoder.o(.data)
    InPinTable                               0x20000044   Data          34  ioinput.o(.data)
    OutPinTable                              0x20000066   Data          18  iooutput.o(.data)
    rece                                     0x20000078   Data           1  usart.o(.data)
    ack                                      0x20000079   Data           1  zlg7290.o(.data)
    Test_count                               0x2000007c   Data           4  main.o(.data)
    Test_ZLG7290_Data                        0x20000080   Data           4  main.o(.data)
    Test_Motor_PWM                           0x20000084   Data           4  main.o(.data)
    Test_Motor_PWM_L                         0x20000088   Data           4  main.o(.data)
    Test_Motor_PWM_R                         0x2000008c   Data           4  main.o(.data)
    Test_Sover_PWM                           0x20000090   Data           4  main.o(.data)
    Test_Sover_PWM_L                         0x20000094   Data           4  main.o(.data)
    Test_Sover_PWM_R                         0x20000098   Data           4  main.o(.data)
    v0                                       0x2000009c   Data           4  main.o(.data)
    v1                                       0x200000a0   Data           4  main.o(.data)
    v2                                       0x200000a4   Data           4  main.o(.data)
    v3                                       0x200000a8   Data           4  main.o(.data)
    HeadLeft_Sensor                          0x200000ac   Data           1  main.o(.data)
    HeadRight_Sensor                         0x200000ad   Data           1  main.o(.data)
    BackLeft_Sensor                          0x200000ae   Data           1  main.o(.data)
    BackRight_Sensor                         0x200000af   Data           1  main.o(.data)
    isDelayed                                0x200000b0   Data           4  main.o(.data)
    isFirstRun                               0x200000b4   Data           4  main.o(.data)
    L_PID                                    0x200000b8   Data          36  pid.o(.bss)
    R_PID                                    0x200000dc   Data          36  pid.o(.bss)
    TURN_PID                                 0x20000100   Data          36  pid.o(.bss)
    POSE_PID                                 0x20000124   Data          36  pid.o(.bss)
    Test_InputIO_Data                        0x20000148   Data          16  main.o(.bss)
    Test_Sensor_Data                         0x20000158   Data          10  main.o(.bss)
    __initial_sp                             0x20000568   Data           0  startup_stm32f10x_md.o(STACK)



==============================================================================

Memory Map of the image

  Image Entry point : 0x08000101

  Load Region LR_1 (Base: 0x08000000, Size: 0x00003808, Max: 0xffffffff, ABSOLUTE)

    Execution Region ER_RO (Base: 0x08000000, Size: 0x00003750, Max: 0xffffffff, ABSOLUTE)

    Base Addr    Size         Type   Attr      Idx    E Section Name        Object

    0x08000000   0x000000ec   Data   RO            3    RESET               startup_stm32f10x_md.o
    0x080000ec   0x00000000   Code   RO          450  * .ARM.Collect$$$$00000000  mc_w.l(entry.o)
    0x080000ec   0x00000004   Code   RO          453    .ARM.Collect$$$$00000001  mc_w.l(entry2.o)
    0x080000f0   0x00000004   Code   RO          456    .ARM.Collect$$$$00000004  mc_w.l(entry5.o)
    0x080000f4   0x00000000   Code   RO          458    .ARM.Collect$$$$00000008  mc_w.l(entry7b.o)
    0x080000f4   0x00000000   Code   RO          460    .ARM.Collect$$$$0000000A  mc_w.l(entry8b.o)
    0x080000f4   0x00000008   Code   RO          461    .ARM.Collect$$$$0000000B  mc_w.l(entry9a.o)
    0x080000fc   0x00000000   Code   RO          463    .ARM.Collect$$$$0000000D  mc_w.l(entry10a.o)
    0x080000fc   0x00000000   Code   RO          465    .ARM.Collect$$$$0000000F  mc_w.l(entry11a.o)
    0x080000fc   0x00000004   Code   RO          454    .ARM.Collect$$$$00002712  mc_w.l(entry2.o)
    0x08000100   0x00000024   Code   RO            4  * .text               startup_stm32f10x_md.o
    0x08000124   0x000001dc   Code   RO           24    .text               system_stm32f10x.o
    0x08000300   0x000000dc   Code   RO           70    .text               misc.o
    0x080003dc   0x000003a4   Code   RO           99    .text               stm32f10x_rcc.o
    0x08000780   0x00000358   Code   RO          113    .text               stm32f10x_gpio.o
    0x08000ad8   0x00000408   Code   RO          140    .text               stm32f10x_usart.o
    0x08000ee0   0x0000044e   Code   RO          152    .text               stm32f10x_adc.o
    0x0800132e   0x00000002   PAD
    0x08001330   0x00000e1a   Code   RO          164    .text               stm32f10x_tim.o
    0x0800214a   0x0000003e   Code   RO          191    .text               delay.o
    0x08002188   0x00000260   Code   RO          250    .text               encoder.o
    0x080023e8   0x000000f8   Code   RO          271    .text               ioinput.o
    0x080024e0   0x0000011c   Code   RO          289    .text               iooutput.o
    0x080025fc   0x00000158   Code   RO          307    .text               motor.o
    0x08002754   0x00000108   Code   RO          322    .text               sensor.o
    0x0800285c   0x000000fc   Code   RO          340    .text               servo.o
    0x08002958   0x00000190   Code   RO          355    .text               usart.o
    0x08002ae8   0x000005bc   Code   RO          373    .text               zlg7290.o
    0x080030a4   0x000005f8   Code   RO          410    .text               main.o
    0x0800369c   0x0000004c   Code   RO          438    .text               stm32f10x_it.o
    0x080036e8   0x00000024   Code   RO          467    .text               mc_w.l(init.o)
    0x0800370c   0x0000000e   Code   RO          471    i.__scatterload_copy  mc_w.l(handlers.o)
    0x0800371a   0x00000002   Code   RO          472    i.__scatterload_null  mc_w.l(handlers.o)
    0x0800371c   0x0000000e   Code   RO          473    i.__scatterload_zeroinit  mc_w.l(handlers.o)
    0x0800372a   0x00000006   Data   RO          323    .constdata          sensor.o
    0x08003730   0x00000020   Data   RO          469    Region$$Table       anon$$obj.o


    Execution Region ER_RW (Base: 0x20000000, Size: 0x000000b8, Max: 0xffffffff, ABSOLUTE)

    Base Addr    Size         Type   Attr      Idx    E Section Name        Object

    0x20000000   0x00000014   Data   RW           25    .data               system_stm32f10x.o
    0x20000014   0x00000014   Data   RW          100    .data               stm32f10x_rcc.o
    0x20000028   0x0000001c   Data   RW          251    .data               encoder.o
    0x20000044   0x00000022   Data   RW          272    .data               ioinput.o
    0x20000066   0x00000012   Data   RW          290    .data               iooutput.o
    0x20000078   0x00000001   Data   RW          356    .data               usart.o
    0x20000079   0x00000001   Data   RW          374    .data               zlg7290.o
    0x2000007a   0x00000002   PAD
    0x2000007c   0x0000003c   Data   RW          412    .data               main.o


    Execution Region ER_ZI (Base: 0x200000b8, Size: 0x000004b0, Max: 0xffffffff, ABSOLUTE)

    Base Addr    Size         Type   Attr      Idx    E Section Name        Object

    0x200000b8   0x00000090   Zero   RW          392    .bss                pid.o
    0x20000148   0x0000001a   Zero   RW          411    .bss                main.o
    0x20000162   0x00000006   PAD
    0x20000168   0x00000400   Zero   RW            1    STACK               startup_stm32f10x_md.o


==============================================================================

Image component sizes


      Code (inc. data)   RO Data    RW Data    ZI Data      Debug   Object Name

         0          0          0          0          0       4244   core_cm3.o
        62          0          0          0          0       1440   delay.o
       608         54          0         28          0       1511   encoder.o
       248         18          0         34          0       1091   ioinput.o
       284         16          0         18          0       1204   iooutput.o
      1528         74          0         60         26       4817   main.o
       220         20          0          0          0     213757   misc.o
       344          4          0          0          0       1167   motor.o
         0          0          0          0        144        944   pid.o
       264         16          6          0          0       1329   sensor.o
       252          8          0          0          0       1119   servo.o
        36          8        236          0       1024        740   startup_stm32f10x_md.o
      1102         26          0          0          0      10629   stm32f10x_adc.o
       856         40          0          0          0       5445   stm32f10x_gpio.o
        76          6          0          0          0       1438   stm32f10x_it.o
       932         44          0         20          0       8520   stm32f10x_rcc.o
      3610         88          0          0          0      21928   stm32f10x_tim.o
      1032         22          0          0          0       8168   stm32f10x_usart.o
       476         36          0         20          0      44667   system_stm32f10x.o
       400         22          0          1          0       1432   usart.o
      1468         44          0          1          0       4838   zlg7290.o

    ----------------------------------------------------------------------
     13800        546        274        184       1200     340428   Object Totals
         0          0         32          0          0          0   (incl. Generated)
         2          0          0          2          6          0   (incl. Padding)

    ----------------------------------------------------------------------

      Code (inc. data)   RO Data    RW Data    ZI Data      Debug   Library Member Name

         0          0          0          0          0          0   entry.o
         0          0          0          0          0          0   entry10a.o
         0          0          0          0          0          0   entry11a.o
         8          4          0          0          0          0   entry2.o
         4          0          0          0          0          0   entry5.o
         0          0          0          0          0          0   entry7b.o
         0          0          0          0          0          0   entry8b.o
         8          4          0          0          0          0   entry9a.o
        30          0          0          0          0          0   handlers.o
        36          8          0          0          0         68   init.o

    ----------------------------------------------------------------------
        86         16          0          0          0         68   Library Totals
         0          0          0          0          0          0   (incl. Padding)

    ----------------------------------------------------------------------

      Code (inc. data)   RO Data    RW Data    ZI Data      Debug   Library Name

        86         16          0          0          0         68   mc_w.l

    ----------------------------------------------------------------------
        86         16          0          0          0         68   Library Totals

    ----------------------------------------------------------------------

==============================================================================


      Code (inc. data)   RO Data    RW Data    ZI Data      Debug   

     13886        562        274        184       1200     338988   Grand Totals
     13886        562        274        184       1200     338988   ELF Image Totals
     13886        562        274        184          0          0   ROM Totals

==============================================================================

    Total RO  Size (Code + RO Data)                14160 (  13.83kB)
    Total RW  Size (RW Data + ZI Data)              1384 (   1.35kB)
    Total ROM Size (Code + RO Data + RW Data)      14344 (  14.01kB)

==============================================================================

