Component: ARM Compiler 5.05 update 1 (build 106) Tool: armlink [4d0efa]

==============================================================================

Section Cross References

    startup_stm32f10x_md.o(RESET) refers to startup_stm32f10x_md.o(STACK) for __initial_sp
    startup_stm32f10x_md.o(RESET) refers to startup_stm32f10x_md.o(.text) for Reset_Handler
    startup_stm32f10x_md.o(RESET) refers to stm32f10x_it.o(.text) for NMI_Handler
    startup_stm32f10x_md.o(RESET) refers to usart.o(.text) for USART1_IRQHandler
    startup_stm32f10x_md.o(.text) refers to system_stm32f10x.o(.text) for SystemInit
    startup_stm32f10x_md.o(.text) refers to entry.o(.ARM.Collect$$$$00000000) for __main
    system_stm32f10x.o(.text) refers to system_stm32f10x.o(.data) for SystemCoreClock
    stm32f10x_rcc.o(.text) refers to stm32f10x_rcc.o(.data) for APBAHBPrescTable
    stm32f10x_gpio.o(.text) refers to stm32f10x_rcc.o(.text) for RCC_APB2PeriphResetCmd
    stm32f10x_usart.o(.text) refers to stm32f10x_rcc.o(.text) for RCC_APB2PeriphResetCmd
    stm32f10x_adc.o(.text) refers to stm32f10x_rcc.o(.text) for RCC_APB2PeriphResetCmd
    stm32f10x_tim.o(.text) refers to stm32f10x_rcc.o(.text) for RCC_APB2PeriphResetCmd
    encoder.o(.text) refers to stm32f10x_rcc.o(.text) for RCC_APB2PeriphClockCmd
    encoder.o(.text) refers to stm32f10x_gpio.o(.text) for GPIO_Init
    encoder.o(.text) refers to stm32f10x_tim.o(.text) for TIM_DeInit
    encoder.o(.text) refers to encoder.o(.data) for Speed_L_Get
    encoder.o(.text) refers to pid.o(.bss) for L_PID
    ioinput.o(.text) refers to stm32f10x_rcc.o(.text) for RCC_APB2PeriphClockCmd
    ioinput.o(.text) refers to stm32f10x_gpio.o(.text) for GPIO_Init
    ioinput.o(.text) refers to ioinput.o(.data) for InPinTable
    iooutput.o(.text) refers to stm32f10x_rcc.o(.text) for RCC_APB2PeriphClockCmd
    iooutput.o(.text) refers to stm32f10x_gpio.o(.text) for GPIO_Init
    iooutput.o(.text) refers to iooutput.o(.data) for OutPinTable
    motor.o(.text) refers to stm32f10x_rcc.o(.text) for RCC_APB2PeriphClockCmd
    motor.o(.text) refers to stm32f10x_gpio.o(.text) for GPIO_Init
    motor.o(.text) refers to stm32f10x_tim.o(.text) for TIM_DeInit
    sensor.o(.text) refers to stm32f10x_rcc.o(.text) for RCC_APB2PeriphClockCmd
    sensor.o(.text) refers to stm32f10x_gpio.o(.text) for GPIO_Init
    sensor.o(.text) refers to stm32f10x_adc.o(.text) for ADC_Init
    sensor.o(.text) refers to sensor.o(.constdata) for AD_Map
    servo.o(.text) refers to stm32f10x_rcc.o(.text) for RCC_APB2PeriphClockCmd
    servo.o(.text) refers to stm32f10x_gpio.o(.text) for GPIO_Init
    servo.o(.text) refers to stm32f10x_tim.o(.text) for TIM_TimeBaseInit
    usart.o(.text) refers to stm32f10x_rcc.o(.text) for RCC_APB2PeriphClockCmd
    usart.o(.text) refers to stm32f10x_gpio.o(.text) for GPIO_Init
    usart.o(.text) refers to stm32f10x_usart.o(.text) for USART_Init
    usart.o(.text) refers to misc.o(.text) for NVIC_PriorityGroupConfig
    usart.o(.text) refers to usart.o(.data) for rece
    zlg7290.o(.text) refers to stm32f10x_rcc.o(.text) for RCC_APB2PeriphClockCmd
    zlg7290.o(.text) refers to stm32f10x_gpio.o(.text) for GPIO_Init
    zlg7290.o(.text) refers to delay.o(.text) for Delay_ms
    zlg7290.o(.text) refers to zlg7290.o(.data) for ack
    zlg7290.o(.text) refers to zlg7290.o(.bss) for read
    pid.o(.text) refers to pid.o(.bss) for L_PID
    pid.o(.text) refers to pid.o(.data) for VV_DEADLINE
    main.o(.text) refers to zlg7290.o(.text) for ZLG7290ClearAll
    main.o(.text) refers to motor.o(.text) for SetMotor1PWM
    main.o(.text) refers to system_stm32f10x.o(.text) for SystemInit
    main.o(.text) refers to ioinput.o(.text) for InputIOInit
    main.o(.text) refers to iooutput.o(.text) for OutputIOInit
    main.o(.text) refers to sensor.o(.text) for SensorInit
    main.o(.text) refers to servo.o(.text) for ServoInit
    main.o(.text) refers to encoder.o(.text) for EncoderInit
    main.o(.text) refers to delay.o(.text) for Delay_ms
    main.o(.text) refers to usart.o(.text) for SendData
    main.o(.text) refers to main.o(.data) for Test_count
    main.o(.text) refers to main.o(.bss) for Test_InputIO_Data
    stm32f10x_it.o(.text) refers to stm32f10x_tim.o(.text) for TIM_GetITStatus
    entry.o(.ARM.Collect$$$$00000000) refers (Special) to entry10a.o(.ARM.Collect$$$$0000000D) for __rt_final_cpp
    entry.o(.ARM.Collect$$$$00000000) refers (Special) to entry11a.o(.ARM.Collect$$$$0000000F) for __rt_final_exit
    entry.o(.ARM.Collect$$$$00000000) refers (Special) to entry7b.o(.ARM.Collect$$$$00000008) for _main_clock
    entry.o(.ARM.Collect$$$$00000000) refers (Special) to entry8b.o(.ARM.Collect$$$$0000000A) for _main_cpp_init
    entry.o(.ARM.Collect$$$$00000000) refers (Special) to entry9a.o(.ARM.Collect$$$$0000000B) for _main_init
    entry.o(.ARM.Collect$$$$00000000) refers (Special) to entry5.o(.ARM.Collect$$$$00000004) for _main_scatterload
    entry.o(.ARM.Collect$$$$00000000) refers (Special) to entry2.o(.ARM.Collect$$$$00000001) for _main_stk
    entry2.o(.ARM.Collect$$$$00000001) refers to entry2.o(.ARM.Collect$$$$00002712) for __lit__00000000
    entry2.o(.ARM.Collect$$$$00002712) refers to startup_stm32f10x_md.o(STACK) for __initial_sp
    entry2.o(__vectab_stack_and_reset_area) refers to startup_stm32f10x_md.o(STACK) for __initial_sp
    entry2.o(__vectab_stack_and_reset_area) refers to entry.o(.ARM.Collect$$$$00000000) for __main
    entry5.o(.ARM.Collect$$$$00000004) refers to init.o(.text) for __scatterload
    entry9a.o(.ARM.Collect$$$$0000000B) refers to main.o(.text) for main
    entry9b.o(.ARM.Collect$$$$0000000C) refers to main.o(.text) for main
    init.o(.text) refers to entry5.o(.ARM.Collect$$$$00000004) for __main_after_scatterload


==============================================================================

Removing Unused input sections from the image.

    Removing startup_stm32f10x_md.o(HEAP), (512 bytes).
    Removing core_cm3.o(.emb_text), (32 bytes).
    Removing stm32f10x_dma.o(.text), (596 bytes).
    Removing stm32f10x_flash.o(.text), (1468 bytes).
    Removing pid.o(.text), (508 bytes).
    Removing pid.o(.data), (28 bytes).

6 unused section(s) (total 3144 bytes) removed from the image.

==============================================================================

Image Symbol Table

    Local Symbols

    Symbol Name                              Value     Ov Type        Size  Object(Section)

    ../clib/microlib/init/entry.s            0x00000000   Number         0  entry9b.o ABSOLUTE
    ../clib/microlib/init/entry.s            0x00000000   Number         0  entry11b.o ABSOLUTE
    ../clib/microlib/init/entry.s            0x00000000   Number         0  entry11a.o ABSOLUTE
    ../clib/microlib/init/entry.s            0x00000000   Number         0  entry5.o ABSOLUTE
    ../clib/microlib/init/entry.s            0x00000000   Number         0  entry10b.o ABSOLUTE
    ../clib/microlib/init/entry.s            0x00000000   Number         0  entry10a.o ABSOLUTE
    ../clib/microlib/init/entry.s            0x00000000   Number         0  entry7a.o ABSOLUTE
    ../clib/microlib/init/entry.s            0x00000000   Number         0  entry8b.o ABSOLUTE
    ../clib/microlib/init/entry.s            0x00000000   Number         0  entry9a.o ABSOLUTE
    ../clib/microlib/init/entry.s            0x00000000   Number         0  entry7b.o ABSOLUTE
    ../clib/microlib/init/entry.s            0x00000000   Number         0  entry8a.o ABSOLUTE
    ../clib/microlib/init/entry.s            0x00000000   Number         0  entry2.o ABSOLUTE
    ../clib/microlib/init/entry.s            0x00000000   Number         0  entry.o ABSOLUTE
    CMSIS\\core_cm3.c                        0x00000000   Number         0  core_cm3.o ABSOLUTE
    CMSIS\core_cm3.c                         0x00000000   Number         0  core_cm3.o ABSOLUTE
    CMSIS\system_stm32f10x.c                 0x00000000   Number         0  system_stm32f10x.o ABSOLUTE
    Drivers\Delay.c                          0x00000000   Number         0  delay.o ABSOLUTE
    Drivers\Encoder.c                        0x00000000   Number         0  encoder.o ABSOLUTE
    Drivers\IOinput.c                        0x00000000   Number         0  ioinput.o ABSOLUTE
    Drivers\IOoutput.c                       0x00000000   Number         0  iooutput.o ABSOLUTE
    Drivers\Motor.c                          0x00000000   Number         0  motor.o ABSOLUTE
    Drivers\Pid.c                            0x00000000   Number         0  pid.o ABSOLUTE
    Drivers\Sensor.c                         0x00000000   Number         0  sensor.o ABSOLUTE
    Drivers\Servo.c                          0x00000000   Number         0  servo.o ABSOLUTE
    Drivers\Usart.c                          0x00000000   Number         0  usart.o ABSOLUTE
    Drivers\Zlg7290.c                        0x00000000   Number         0  zlg7290.o ABSOLUTE
    Libraries\src\misc.c                     0x00000000   Number         0  misc.o ABSOLUTE
    Libraries\src\stm32f10x_adc.c            0x00000000   Number         0  stm32f10x_adc.o ABSOLUTE
    Libraries\src\stm32f10x_dma.c            0x00000000   Number         0  stm32f10x_dma.o ABSOLUTE
    Libraries\src\stm32f10x_flash.c          0x00000000   Number         0  stm32f10x_flash.o ABSOLUTE
    Libraries\src\stm32f10x_gpio.c           0x00000000   Number         0  stm32f10x_gpio.o ABSOLUTE
    Libraries\src\stm32f10x_rcc.c            0x00000000   Number         0  stm32f10x_rcc.o ABSOLUTE
    Libraries\src\stm32f10x_tim.c            0x00000000   Number         0  stm32f10x_tim.o ABSOLUTE
    Libraries\src\stm32f10x_usart.c          0x00000000   Number         0  stm32f10x_usart.o ABSOLUTE
    Startup\startup_stm32f10x_md.s           0x00000000   Number         0  startup_stm32f10x_md.o ABSOLUTE
    User\main.c                              0x00000000   Number         0  main.o ABSOLUTE
    User\stm32f10x_it.c                      0x00000000   Number         0  stm32f10x_it.o ABSOLUTE
    dc.s                                     0x00000000   Number         0  dc.o ABSOLUTE
    handlers.s                               0x00000000   Number         0  handlers.o ABSOLUTE
    init.s                                   0x00000000   Number         0  init.o ABSOLUTE
    RESET                                    0x08000000   Section      236  startup_stm32f10x_md.o(RESET)
    .ARM.Collect$$$$00000000                 0x080000ec   Section        0  entry.o(.ARM.Collect$$$$00000000)
    .ARM.Collect$$$$00000001                 0x080000ec   Section        4  entry2.o(.ARM.Collect$$$$00000001)
    .ARM.Collect$$$$00000004                 0x080000f0   Section        4  entry5.o(.ARM.Collect$$$$00000004)
    .ARM.Collect$$$$00000008                 0x080000f4   Section        0  entry7b.o(.ARM.Collect$$$$00000008)
    .ARM.Collect$$$$0000000A                 0x080000f4   Section        0  entry8b.o(.ARM.Collect$$$$0000000A)
    .ARM.Collect$$$$0000000B                 0x080000f4   Section        8  entry9a.o(.ARM.Collect$$$$0000000B)
    .ARM.Collect$$$$0000000D                 0x080000fc   Section        0  entry10a.o(.ARM.Collect$$$$0000000D)
    .ARM.Collect$$$$0000000F                 0x080000fc   Section        0  entry11a.o(.ARM.Collect$$$$0000000F)
    .ARM.Collect$$$$00002712                 0x080000fc   Section        4  entry2.o(.ARM.Collect$$$$00002712)
    __lit__00000000                          0x080000fc   Data           4  entry2.o(.ARM.Collect$$$$00002712)
    .text                                    0x08000100   Section       36  startup_stm32f10x_md.o(.text)
    .text                                    0x08000124   Section        0  system_stm32f10x.o(.text)
    SetSysClockTo72                          0x08000125   Thumb Code   214  system_stm32f10x.o(.text)
    SetSysClock                              0x080001fb   Thumb Code     8  system_stm32f10x.o(.text)
    .text                                    0x08000304   Section        0  misc.o(.text)
    .text                                    0x080003e0   Section        0  stm32f10x_rcc.o(.text)
    .text                                    0x08000784   Section        0  stm32f10x_gpio.o(.text)
    .text                                    0x08000ae0   Section        0  stm32f10x_usart.o(.text)
    .text                                    0x08000ee8   Section        0  stm32f10x_adc.o(.text)
    .text                                    0x08001338   Section        0  stm32f10x_tim.o(.text)
    TI4_Config                               0x080017df   Thumb Code   130  stm32f10x_tim.o(.text)
    TI3_Config                               0x08001873   Thumb Code   122  stm32f10x_tim.o(.text)
    TI2_Config                               0x08001907   Thumb Code   130  stm32f10x_tim.o(.text)
    TI1_Config                               0x0800199b   Thumb Code   108  stm32f10x_tim.o(.text)
    .text                                    0x08002152   Section        0  delay.o(.text)
    .text                                    0x08002190   Section        0  encoder.o(.text)
    .text                                    0x080023f0   Section        0  ioinput.o(.text)
    .text                                    0x080024d4   Section        0  iooutput.o(.text)
    .text                                    0x080025f0   Section        0  motor.o(.text)
    .text                                    0x0800273c   Section        0  sensor.o(.text)
    .text                                    0x08002844   Section        0  servo.o(.text)
    .text                                    0x08002930   Section        0  usart.o(.text)
    .text                                    0x08002ac0   Section        0  zlg7290.o(.text)
    Start                                    0x08002b65   Thumb Code    62  zlg7290.o(.text)
    Stop                                     0x08002ba3   Thumb Code    52  zlg7290.o(.text)
    WriteByte                                0x08002bd7   Thumb Code   178  zlg7290.o(.text)
    ReadByte                                 0x08002c89   Thumb Code   128  zlg7290.o(.text)
    PutAck                                   0x08002d5d   Thumb Code    68  zlg7290.o(.text)
    .text                                    0x08003094   Section        0  main.o(.text)
    .text                                    0x0800357c   Section        0  stm32f10x_it.o(.text)
    .text                                    0x080035c8   Section       36  init.o(.text)
    i.__scatterload_copy                     0x080035ec   Section       14  handlers.o(i.__scatterload_copy)
    i.__scatterload_null                     0x080035fa   Section        2  handlers.o(i.__scatterload_null)
    i.__scatterload_zeroinit                 0x080035fc   Section       14  handlers.o(i.__scatterload_zeroinit)
    .constdata                               0x0800360a   Section        6  sensor.o(.constdata)
    .data                                    0x20000000   Section       20  system_stm32f10x.o(.data)
    .data                                    0x20000014   Section       20  stm32f10x_rcc.o(.data)
    APBAHBPrescTable                         0x20000014   Data          16  stm32f10x_rcc.o(.data)
    ADCPrescTable                            0x20000024   Data           4  stm32f10x_rcc.o(.data)
    .data                                    0x20000028   Section       28  encoder.o(.data)
    .data                                    0x20000044   Section       34  ioinput.o(.data)
    .data                                    0x20000066   Section       18  iooutput.o(.data)
    .data                                    0x20000078   Section        1  usart.o(.data)
    .data                                    0x20000079   Section        1  zlg7290.o(.data)
    .data                                    0x2000007c   Section       32  main.o(.data)
    .bss                                     0x2000009c   Section       16  zlg7290.o(.bss)
    .bss                                     0x200000ac   Section      144  pid.o(.bss)
    .bss                                     0x2000013c   Section       26  main.o(.bss)
    STACK                                    0x20000158   Section     1024  startup_stm32f10x_md.o(STACK)

    Global Symbols

    Symbol Name                              Value     Ov Type        Size  Object(Section)

    BuildAttributes$$THM_ISAv4$P$D$K$B$S$PE$A:L22UL41UL21$X:L11$S22US41US21$IEEE1$IW$USESV6$~STKCKD$USESV7$~SHL$OSPACE$EBA8$MICROLIB$REQ8$PRES8$EABIv2 0x00000000   Number         0  anon$$obj.o ABSOLUTE
    __ARM_use_no_argv                        0x00000000   Number         0  main.o ABSOLUTE
    __cpp_initialize__aeabi_                  - Undefined Weak Reference
    __cxa_finalize                            - Undefined Weak Reference
    __decompress                              - Undefined Weak Reference
    _clock_init                               - Undefined Weak Reference
    _microlib_exit                            - Undefined Weak Reference
    __Vectors_Size                           0x000000ec   Number         0  startup_stm32f10x_md.o ABSOLUTE
    __Vectors                                0x08000000   Data           4  startup_stm32f10x_md.o(RESET)
    __Vectors_End                            0x080000ec   Data           0  startup_stm32f10x_md.o(RESET)
    __main                                   0x080000ed   Thumb Code     0  entry.o(.ARM.Collect$$$$00000000)
    _main_stk                                0x080000ed   Thumb Code     0  entry2.o(.ARM.Collect$$$$00000001)
    _main_scatterload                        0x080000f1   Thumb Code     0  entry5.o(.ARM.Collect$$$$00000004)
    __main_after_scatterload                 0x080000f5   Thumb Code     0  entry5.o(.ARM.Collect$$$$00000004)
    _main_clock                              0x080000f5   Thumb Code     0  entry7b.o(.ARM.Collect$$$$00000008)
    _main_cpp_init                           0x080000f5   Thumb Code     0  entry8b.o(.ARM.Collect$$$$0000000A)
    _main_init                               0x080000f5   Thumb Code     0  entry9a.o(.ARM.Collect$$$$0000000B)
    __rt_final_cpp                           0x080000fd   Thumb Code     0  entry10a.o(.ARM.Collect$$$$0000000D)
    __rt_final_exit                          0x080000fd   Thumb Code     0  entry11a.o(.ARM.Collect$$$$0000000F)
    Reset_Handler                            0x08000101   Thumb Code     8  startup_stm32f10x_md.o(.text)
    ADC1_2_IRQHandler                        0x0800011b   Thumb Code     0  startup_stm32f10x_md.o(.text)
    CAN1_RX1_IRQHandler                      0x0800011b   Thumb Code     0  startup_stm32f10x_md.o(.text)
    CAN1_SCE_IRQHandler                      0x0800011b   Thumb Code     0  startup_stm32f10x_md.o(.text)
    DMA1_Channel1_IRQHandler                 0x0800011b   Thumb Code     0  startup_stm32f10x_md.o(.text)
    DMA1_Channel2_IRQHandler                 0x0800011b   Thumb Code     0  startup_stm32f10x_md.o(.text)
    DMA1_Channel3_IRQHandler                 0x0800011b   Thumb Code     0  startup_stm32f10x_md.o(.text)
    DMA1_Channel4_IRQHandler                 0x0800011b   Thumb Code     0  startup_stm32f10x_md.o(.text)
    DMA1_Channel5_IRQHandler                 0x0800011b   Thumb Code     0  startup_stm32f10x_md.o(.text)
    DMA1_Channel6_IRQHandler                 0x0800011b   Thumb Code     0  startup_stm32f10x_md.o(.text)
    DMA1_Channel7_IRQHandler                 0x0800011b   Thumb Code     0  startup_stm32f10x_md.o(.text)
    EXTI0_IRQHandler                         0x0800011b   Thumb Code     0  startup_stm32f10x_md.o(.text)
    EXTI15_10_IRQHandler                     0x0800011b   Thumb Code     0  startup_stm32f10x_md.o(.text)
    EXTI1_IRQHandler                         0x0800011b   Thumb Code     0  startup_stm32f10x_md.o(.text)
    EXTI2_IRQHandler                         0x0800011b   Thumb Code     0  startup_stm32f10x_md.o(.text)
    EXTI3_IRQHandler                         0x0800011b   Thumb Code     0  startup_stm32f10x_md.o(.text)
    EXTI4_IRQHandler                         0x0800011b   Thumb Code     0  startup_stm32f10x_md.o(.text)
    EXTI9_5_IRQHandler                       0x0800011b   Thumb Code     0  startup_stm32f10x_md.o(.text)
    FLASH_IRQHandler                         0x0800011b   Thumb Code     0  startup_stm32f10x_md.o(.text)
    I2C1_ER_IRQHandler                       0x0800011b   Thumb Code     0  startup_stm32f10x_md.o(.text)
    I2C1_EV_IRQHandler                       0x0800011b   Thumb Code     0  startup_stm32f10x_md.o(.text)
    I2C2_ER_IRQHandler                       0x0800011b   Thumb Code     0  startup_stm32f10x_md.o(.text)
    I2C2_EV_IRQHandler                       0x0800011b   Thumb Code     0  startup_stm32f10x_md.o(.text)
    PVD_IRQHandler                           0x0800011b   Thumb Code     0  startup_stm32f10x_md.o(.text)
    RCC_IRQHandler                           0x0800011b   Thumb Code     0  startup_stm32f10x_md.o(.text)
    RTCAlarm_IRQHandler                      0x0800011b   Thumb Code     0  startup_stm32f10x_md.o(.text)
    RTC_IRQHandler                           0x0800011b   Thumb Code     0  startup_stm32f10x_md.o(.text)
    SPI1_IRQHandler                          0x0800011b   Thumb Code     0  startup_stm32f10x_md.o(.text)
    SPI2_IRQHandler                          0x0800011b   Thumb Code     0  startup_stm32f10x_md.o(.text)
    TAMPER_IRQHandler                        0x0800011b   Thumb Code     0  startup_stm32f10x_md.o(.text)
    TIM1_BRK_IRQHandler                      0x0800011b   Thumb Code     0  startup_stm32f10x_md.o(.text)
    TIM1_CC_IRQHandler                       0x0800011b   Thumb Code     0  startup_stm32f10x_md.o(.text)
    TIM1_TRG_COM_IRQHandler                  0x0800011b   Thumb Code     0  startup_stm32f10x_md.o(.text)
    TIM1_UP_IRQHandler                       0x0800011b   Thumb Code     0  startup_stm32f10x_md.o(.text)
    TIM3_IRQHandler                          0x0800011b   Thumb Code     0  startup_stm32f10x_md.o(.text)
    USART2_IRQHandler                        0x0800011b   Thumb Code     0  startup_stm32f10x_md.o(.text)
    USART3_IRQHandler                        0x0800011b   Thumb Code     0  startup_stm32f10x_md.o(.text)
    USBWakeUp_IRQHandler                     0x0800011b   Thumb Code     0  startup_stm32f10x_md.o(.text)
    USB_HP_CAN1_TX_IRQHandler                0x0800011b   Thumb Code     0  startup_stm32f10x_md.o(.text)
    USB_LP_CAN1_RX0_IRQHandler               0x0800011b   Thumb Code     0  startup_stm32f10x_md.o(.text)
    WWDG_IRQHandler                          0x0800011b   Thumb Code     0  startup_stm32f10x_md.o(.text)
    SystemInit                               0x08000203   Thumb Code    78  system_stm32f10x.o(.text)
    SystemCoreClockUpdate                    0x08000251   Thumb Code   142  system_stm32f10x.o(.text)
    NVIC_PriorityGroupConfig                 0x08000305   Thumb Code    10  misc.o(.text)
    NVIC_Init                                0x0800030f   Thumb Code   100  misc.o(.text)
    NVIC_SetVectorTable                      0x08000373   Thumb Code    14  misc.o(.text)
    NVIC_SystemLPConfig                      0x08000381   Thumb Code    34  misc.o(.text)
    SysTick_CLKSourceConfig                  0x080003a3   Thumb Code    40  misc.o(.text)
    RCC_DeInit                               0x080003e1   Thumb Code    64  stm32f10x_rcc.o(.text)
    RCC_HSEConfig                            0x08000421   Thumb Code    70  stm32f10x_rcc.o(.text)
    RCC_GetFlagStatus                        0x08000467   Thumb Code    56  stm32f10x_rcc.o(.text)
    RCC_WaitForHSEStartUp                    0x0800049f   Thumb Code    56  stm32f10x_rcc.o(.text)
    RCC_AdjustHSICalibrationValue            0x080004d7   Thumb Code    20  stm32f10x_rcc.o(.text)
    RCC_HSICmd                               0x080004eb   Thumb Code     6  stm32f10x_rcc.o(.text)
    RCC_PLLConfig                            0x080004f1   Thumb Code    24  stm32f10x_rcc.o(.text)
    RCC_PLLCmd                               0x08000509   Thumb Code     6  stm32f10x_rcc.o(.text)
    RCC_SYSCLKConfig                         0x0800050f   Thumb Code    18  stm32f10x_rcc.o(.text)
    RCC_GetSYSCLKSource                      0x08000521   Thumb Code    10  stm32f10x_rcc.o(.text)
    RCC_HCLKConfig                           0x0800052b   Thumb Code    18  stm32f10x_rcc.o(.text)
    RCC_PCLK1Config                          0x0800053d   Thumb Code    18  stm32f10x_rcc.o(.text)
    RCC_PCLK2Config                          0x0800054f   Thumb Code    20  stm32f10x_rcc.o(.text)
    RCC_ITConfig                             0x08000563   Thumb Code    26  stm32f10x_rcc.o(.text)
    RCC_USBCLKConfig                         0x0800057d   Thumb Code     8  stm32f10x_rcc.o(.text)
    RCC_ADCCLKConfig                         0x08000585   Thumb Code    18  stm32f10x_rcc.o(.text)
    RCC_LSEConfig                            0x08000597   Thumb Code    50  stm32f10x_rcc.o(.text)
    RCC_LSICmd                               0x080005c9   Thumb Code     6  stm32f10x_rcc.o(.text)
    RCC_RTCCLKConfig                         0x080005cf   Thumb Code    12  stm32f10x_rcc.o(.text)
    RCC_RTCCLKCmd                            0x080005db   Thumb Code     8  stm32f10x_rcc.o(.text)
    RCC_GetClocksFreq                        0x080005e3   Thumb Code   192  stm32f10x_rcc.o(.text)
    RCC_AHBPeriphClockCmd                    0x080006a3   Thumb Code    26  stm32f10x_rcc.o(.text)
    RCC_APB2PeriphClockCmd                   0x080006bd   Thumb Code    26  stm32f10x_rcc.o(.text)
    RCC_APB1PeriphClockCmd                   0x080006d7   Thumb Code    26  stm32f10x_rcc.o(.text)
    RCC_APB2PeriphResetCmd                   0x080006f1   Thumb Code    26  stm32f10x_rcc.o(.text)
    RCC_APB1PeriphResetCmd                   0x0800070b   Thumb Code    26  stm32f10x_rcc.o(.text)
    RCC_BackupResetCmd                       0x08000725   Thumb Code     8  stm32f10x_rcc.o(.text)
    RCC_ClockSecuritySystemCmd               0x0800072d   Thumb Code     6  stm32f10x_rcc.o(.text)
    RCC_MCOConfig                            0x08000733   Thumb Code     6  stm32f10x_rcc.o(.text)
    RCC_ClearFlag                            0x08000739   Thumb Code    14  stm32f10x_rcc.o(.text)
    RCC_GetITStatus                          0x08000747   Thumb Code    20  stm32f10x_rcc.o(.text)
    RCC_ClearITPendingBit                    0x0800075b   Thumb Code     6  stm32f10x_rcc.o(.text)
    GPIO_DeInit                              0x08000785   Thumb Code   172  stm32f10x_gpio.o(.text)
    GPIO_AFIODeInit                          0x08000831   Thumb Code    20  stm32f10x_gpio.o(.text)
    GPIO_Init                                0x08000845   Thumb Code   278  stm32f10x_gpio.o(.text)
    GPIO_StructInit                          0x0800095b   Thumb Code    16  stm32f10x_gpio.o(.text)
    GPIO_ReadInputDataBit                    0x0800096b   Thumb Code    18  stm32f10x_gpio.o(.text)
    GPIO_ReadInputData                       0x0800097d   Thumb Code     8  stm32f10x_gpio.o(.text)
    GPIO_ReadOutputDataBit                   0x08000985   Thumb Code    18  stm32f10x_gpio.o(.text)
    GPIO_ReadOutputData                      0x08000997   Thumb Code     8  stm32f10x_gpio.o(.text)
    GPIO_SetBits                             0x0800099f   Thumb Code     4  stm32f10x_gpio.o(.text)
    GPIO_ResetBits                           0x080009a3   Thumb Code     4  stm32f10x_gpio.o(.text)
    GPIO_WriteBit                            0x080009a7   Thumb Code    10  stm32f10x_gpio.o(.text)
    GPIO_Write                               0x080009b1   Thumb Code     4  stm32f10x_gpio.o(.text)
    GPIO_PinLockConfig                       0x080009b5   Thumb Code    18  stm32f10x_gpio.o(.text)
    GPIO_EventOutputConfig                   0x080009c7   Thumb Code    26  stm32f10x_gpio.o(.text)
    GPIO_EventOutputCmd                      0x080009e1   Thumb Code     6  stm32f10x_gpio.o(.text)
    GPIO_PinRemapConfig                      0x080009e7   Thumb Code   138  stm32f10x_gpio.o(.text)
    GPIO_EXTILineConfig                      0x08000a71   Thumb Code    66  stm32f10x_gpio.o(.text)
    GPIO_ETH_MediaInterfaceConfig            0x08000ab3   Thumb Code     8  stm32f10x_gpio.o(.text)
    USART_DeInit                             0x08000ae1   Thumb Code   134  stm32f10x_usart.o(.text)
    USART_Init                               0x08000b67   Thumb Code   210  stm32f10x_usart.o(.text)
    USART_StructInit                         0x08000c39   Thumb Code    24  stm32f10x_usart.o(.text)
    USART_ClockInit                          0x08000c51   Thumb Code    34  stm32f10x_usart.o(.text)
    USART_ClockStructInit                    0x08000c73   Thumb Code    12  stm32f10x_usart.o(.text)
    USART_Cmd                                0x08000c7f   Thumb Code    24  stm32f10x_usart.o(.text)
    USART_ITConfig                           0x08000c97   Thumb Code    74  stm32f10x_usart.o(.text)
    USART_DMACmd                             0x08000ce1   Thumb Code    18  stm32f10x_usart.o(.text)
    USART_SetAddress                         0x08000cf3   Thumb Code    18  stm32f10x_usart.o(.text)
    USART_WakeUpConfig                       0x08000d05   Thumb Code    18  stm32f10x_usart.o(.text)
    USART_ReceiverWakeUpCmd                  0x08000d17   Thumb Code    24  stm32f10x_usart.o(.text)
    USART_LINBreakDetectLengthConfig         0x08000d2f   Thumb Code    18  stm32f10x_usart.o(.text)
    USART_LINCmd                             0x08000d41   Thumb Code    24  stm32f10x_usart.o(.text)
    USART_SendData                           0x08000d59   Thumb Code     8  stm32f10x_usart.o(.text)
    USART_ReceiveData                        0x08000d61   Thumb Code    10  stm32f10x_usart.o(.text)
    USART_SendBreak                          0x08000d6b   Thumb Code    10  stm32f10x_usart.o(.text)
    USART_SetGuardTime                       0x08000d75   Thumb Code    16  stm32f10x_usart.o(.text)
    USART_SetPrescaler                       0x08000d85   Thumb Code    16  stm32f10x_usart.o(.text)
    USART_SmartCardCmd                       0x08000d95   Thumb Code    24  stm32f10x_usart.o(.text)
    USART_SmartCardNACKCmd                   0x08000dad   Thumb Code    24  stm32f10x_usart.o(.text)
    USART_HalfDuplexCmd                      0x08000dc5   Thumb Code    24  stm32f10x_usart.o(.text)
    USART_OverSampling8Cmd                   0x08000ddd   Thumb Code    22  stm32f10x_usart.o(.text)
    USART_OneBitMethodCmd                    0x08000df3   Thumb Code    24  stm32f10x_usart.o(.text)
    USART_IrDAConfig                         0x08000e0b   Thumb Code    18  stm32f10x_usart.o(.text)
    USART_IrDACmd                            0x08000e1d   Thumb Code    24  stm32f10x_usart.o(.text)
    USART_GetFlagStatus                      0x08000e35   Thumb Code    26  stm32f10x_usart.o(.text)
    USART_ClearFlag                          0x08000e4f   Thumb Code    18  stm32f10x_usart.o(.text)
    USART_GetITStatus                        0x08000e61   Thumb Code    84  stm32f10x_usart.o(.text)
    USART_ClearITPendingBit                  0x08000eb5   Thumb Code    52  stm32f10x_usart.o(.text)
    ADC_DeInit                               0x08000ee9   Thumb Code    78  stm32f10x_adc.o(.text)
    ADC_Init                                 0x08000f37   Thumb Code    70  stm32f10x_adc.o(.text)
    ADC_StructInit                           0x08000f7d   Thumb Code    18  stm32f10x_adc.o(.text)
    ADC_Cmd                                  0x08000f8f   Thumb Code    22  stm32f10x_adc.o(.text)
    ADC_DMACmd                               0x08000fa5   Thumb Code    22  stm32f10x_adc.o(.text)
    ADC_ITConfig                             0x08000fbb   Thumb Code    24  stm32f10x_adc.o(.text)
    ADC_ResetCalibration                     0x08000fd3   Thumb Code    10  stm32f10x_adc.o(.text)
    ADC_GetResetCalibrationStatus            0x08000fdd   Thumb Code    20  stm32f10x_adc.o(.text)
    ADC_StartCalibration                     0x08000ff1   Thumb Code    10  stm32f10x_adc.o(.text)
    ADC_GetCalibrationStatus                 0x08000ffb   Thumb Code    20  stm32f10x_adc.o(.text)
    ADC_SoftwareStartConvCmd                 0x0800100f   Thumb Code    22  stm32f10x_adc.o(.text)
    ADC_GetSoftwareStartConvStatus           0x08001025   Thumb Code    20  stm32f10x_adc.o(.text)
    ADC_DiscModeChannelCountConfig           0x08001039   Thumb Code    24  stm32f10x_adc.o(.text)
    ADC_DiscModeCmd                          0x08001051   Thumb Code    22  stm32f10x_adc.o(.text)
    ADC_RegularChannelConfig                 0x08001067   Thumb Code   184  stm32f10x_adc.o(.text)
    ADC_ExternalTrigConvCmd                  0x0800111f   Thumb Code    22  stm32f10x_adc.o(.text)
    ADC_GetConversionValue                   0x08001135   Thumb Code     8  stm32f10x_adc.o(.text)
    ADC_GetDualModeConversionValue           0x0800113d   Thumb Code     8  stm32f10x_adc.o(.text)
    ADC_AutoInjectedConvCmd                  0x08001145   Thumb Code    22  stm32f10x_adc.o(.text)
    ADC_InjectedDiscModeCmd                  0x0800115b   Thumb Code    22  stm32f10x_adc.o(.text)
    ADC_ExternalTrigInjectedConvConfig       0x08001171   Thumb Code    16  stm32f10x_adc.o(.text)
    ADC_ExternalTrigInjectedConvCmd          0x08001181   Thumb Code    22  stm32f10x_adc.o(.text)
    ADC_SoftwareStartInjectedConvCmd         0x08001197   Thumb Code    22  stm32f10x_adc.o(.text)
    ADC_GetSoftwareStartInjectedConvCmdStatus 0x080011ad   Thumb Code    20  stm32f10x_adc.o(.text)
    ADC_InjectedChannelConfig                0x080011c1   Thumb Code   130  stm32f10x_adc.o(.text)
    ADC_InjectedSequencerLengthConfig        0x08001243   Thumb Code    24  stm32f10x_adc.o(.text)
    ADC_SetInjectedOffset                    0x0800125b   Thumb Code    20  stm32f10x_adc.o(.text)
    ADC_GetInjectedConversionValue           0x0800126f   Thumb Code    28  stm32f10x_adc.o(.text)
    ADC_AnalogWatchdogCmd                    0x0800128b   Thumb Code    16  stm32f10x_adc.o(.text)
    ADC_AnalogWatchdogThresholdsConfig       0x0800129b   Thumb Code     6  stm32f10x_adc.o(.text)
    ADC_AnalogWatchdogSingleChannelConfig    0x080012a1   Thumb Code    16  stm32f10x_adc.o(.text)
    ADC_TempSensorVrefintCmd                 0x080012b1   Thumb Code    64  stm32f10x_adc.o(.text)
    ADC_GetFlagStatus                        0x080012f1   Thumb Code    18  stm32f10x_adc.o(.text)
    ADC_ClearFlag                            0x08001303   Thumb Code     6  stm32f10x_adc.o(.text)
    ADC_GetITStatus                          0x08001309   Thumb Code    36  stm32f10x_adc.o(.text)
    ADC_ClearITPendingBit                    0x0800132d   Thumb Code    10  stm32f10x_adc.o(.text)
    TIM_DeInit                               0x08001339   Thumb Code   424  stm32f10x_tim.o(.text)
    TIM_TimeBaseInit                         0x080014e1   Thumb Code   122  stm32f10x_tim.o(.text)
    TIM_OC1Init                              0x0800155b   Thumb Code   132  stm32f10x_tim.o(.text)
    TIM_OC2Init                              0x080015df   Thumb Code   154  stm32f10x_tim.o(.text)
    TIM_OC3Init                              0x08001679   Thumb Code   150  stm32f10x_tim.o(.text)
    TIM_OC4Init                              0x0800170f   Thumb Code   182  stm32f10x_tim.o(.text)
    TIM_SetIC4Prescaler                      0x080017c5   Thumb Code    26  stm32f10x_tim.o(.text)
    TIM_SetIC3Prescaler                      0x08001861   Thumb Code    18  stm32f10x_tim.o(.text)
    TIM_SetIC2Prescaler                      0x080018ed   Thumb Code    26  stm32f10x_tim.o(.text)
    TIM_SetIC1Prescaler                      0x08001989   Thumb Code    18  stm32f10x_tim.o(.text)
    TIM_ICInit                               0x08001a07   Thumb Code   150  stm32f10x_tim.o(.text)
    TIM_PWMIConfig                           0x08001a9d   Thumb Code   124  stm32f10x_tim.o(.text)
    TIM_BDTRConfig                           0x08001b19   Thumb Code    32  stm32f10x_tim.o(.text)
    TIM_TimeBaseStructInit                   0x08001b39   Thumb Code    18  stm32f10x_tim.o(.text)
    TIM_OCStructInit                         0x08001b4b   Thumb Code    20  stm32f10x_tim.o(.text)
    TIM_ICStructInit                         0x08001b5f   Thumb Code    18  stm32f10x_tim.o(.text)
    TIM_BDTRStructInit                       0x08001b71   Thumb Code    40  stm32f10x_tim.o(.text)
    TIM_Cmd                                  0x08001b99   Thumb Code    24  stm32f10x_tim.o(.text)
    TIM_CtrlPWMOutputs                       0x08001bb1   Thumb Code    30  stm32f10x_tim.o(.text)
    TIM_ITConfig                             0x08001bcf   Thumb Code    18  stm32f10x_tim.o(.text)
    TIM_GenerateEvent                        0x08001be1   Thumb Code     4  stm32f10x_tim.o(.text)
    TIM_DMAConfig                            0x08001be5   Thumb Code    10  stm32f10x_tim.o(.text)
    TIM_DMACmd                               0x08001bef   Thumb Code    18  stm32f10x_tim.o(.text)
    TIM_InternalClockConfig                  0x08001c01   Thumb Code    12  stm32f10x_tim.o(.text)
    TIM_SelectInputTrigger                   0x08001c0d   Thumb Code    18  stm32f10x_tim.o(.text)
    TIM_ITRxExternalClockConfig              0x08001c1f   Thumb Code    24  stm32f10x_tim.o(.text)
    TIM_TIxExternalClockConfig               0x08001c37   Thumb Code    62  stm32f10x_tim.o(.text)
    TIM_ETRConfig                            0x08001c75   Thumb Code    28  stm32f10x_tim.o(.text)
    TIM_ETRClockMode1Config                  0x08001c91   Thumb Code    54  stm32f10x_tim.o(.text)
    TIM_ETRClockMode2Config                  0x08001cc7   Thumb Code    32  stm32f10x_tim.o(.text)
    TIM_PrescalerConfig                      0x08001ce7   Thumb Code     6  stm32f10x_tim.o(.text)
    TIM_CounterModeConfig                    0x08001ced   Thumb Code    18  stm32f10x_tim.o(.text)
    TIM_EncoderInterfaceConfig               0x08001cff   Thumb Code    66  stm32f10x_tim.o(.text)
    TIM_ForcedOC1Config                      0x08001d41   Thumb Code    18  stm32f10x_tim.o(.text)
    TIM_ForcedOC2Config                      0x08001d53   Thumb Code    26  stm32f10x_tim.o(.text)
    TIM_ForcedOC3Config                      0x08001d6d   Thumb Code    18  stm32f10x_tim.o(.text)
    TIM_ForcedOC4Config                      0x08001d7f   Thumb Code    26  stm32f10x_tim.o(.text)
    TIM_ARRPreloadConfig                     0x08001d99   Thumb Code    24  stm32f10x_tim.o(.text)
    TIM_SelectCOM                            0x08001db1   Thumb Code    24  stm32f10x_tim.o(.text)
    TIM_SelectCCDMA                          0x08001dc9   Thumb Code    24  stm32f10x_tim.o(.text)
    TIM_CCPreloadControl                     0x08001de1   Thumb Code    24  stm32f10x_tim.o(.text)
    TIM_OC1PreloadConfig                     0x08001df9   Thumb Code    18  stm32f10x_tim.o(.text)
    TIM_OC2PreloadConfig                     0x08001e0b   Thumb Code    26  stm32f10x_tim.o(.text)
    TIM_OC3PreloadConfig                     0x08001e25   Thumb Code    18  stm32f10x_tim.o(.text)
    TIM_OC4PreloadConfig                     0x08001e37   Thumb Code    26  stm32f10x_tim.o(.text)
    TIM_OC1FastConfig                        0x08001e51   Thumb Code    18  stm32f10x_tim.o(.text)
    TIM_OC2FastConfig                        0x08001e63   Thumb Code    26  stm32f10x_tim.o(.text)
    TIM_OC3FastConfig                        0x08001e7d   Thumb Code    18  stm32f10x_tim.o(.text)
    TIM_OC4FastConfig                        0x08001e8f   Thumb Code    26  stm32f10x_tim.o(.text)
    TIM_ClearOC1Ref                          0x08001ea9   Thumb Code    18  stm32f10x_tim.o(.text)
    TIM_ClearOC2Ref                          0x08001ebb   Thumb Code    24  stm32f10x_tim.o(.text)
    TIM_ClearOC3Ref                          0x08001ed3   Thumb Code    18  stm32f10x_tim.o(.text)
    TIM_ClearOC4Ref                          0x08001ee5   Thumb Code    24  stm32f10x_tim.o(.text)
    TIM_OC1PolarityConfig                    0x08001efd   Thumb Code    18  stm32f10x_tim.o(.text)
    TIM_OC1NPolarityConfig                   0x08001f0f   Thumb Code    18  stm32f10x_tim.o(.text)
    TIM_OC2PolarityConfig                    0x08001f21   Thumb Code    26  stm32f10x_tim.o(.text)
    TIM_OC2NPolarityConfig                   0x08001f3b   Thumb Code    26  stm32f10x_tim.o(.text)
    TIM_OC3PolarityConfig                    0x08001f55   Thumb Code    26  stm32f10x_tim.o(.text)
    TIM_OC3NPolarityConfig                   0x08001f6f   Thumb Code    26  stm32f10x_tim.o(.text)
    TIM_OC4PolarityConfig                    0x08001f89   Thumb Code    26  stm32f10x_tim.o(.text)
    TIM_CCxCmd                               0x08001fa3   Thumb Code    30  stm32f10x_tim.o(.text)
    TIM_CCxNCmd                              0x08001fc1   Thumb Code    30  stm32f10x_tim.o(.text)
    TIM_SelectOCxM                           0x08001fdf   Thumb Code    82  stm32f10x_tim.o(.text)
    TIM_UpdateDisableConfig                  0x08002031   Thumb Code    24  stm32f10x_tim.o(.text)
    TIM_UpdateRequestConfig                  0x08002049   Thumb Code    24  stm32f10x_tim.o(.text)
    TIM_SelectHallSensor                     0x08002061   Thumb Code    24  stm32f10x_tim.o(.text)
    TIM_SelectOnePulseMode                   0x08002079   Thumb Code    18  stm32f10x_tim.o(.text)
    TIM_SelectOutputTrigger                  0x0800208b   Thumb Code    18  stm32f10x_tim.o(.text)
    TIM_SelectSlaveMode                      0x0800209d   Thumb Code    18  stm32f10x_tim.o(.text)
    TIM_SelectMasterSlaveMode                0x080020af   Thumb Code    18  stm32f10x_tim.o(.text)
    TIM_SetCounter                           0x080020c1   Thumb Code     4  stm32f10x_tim.o(.text)
    TIM_SetAutoreload                        0x080020c5   Thumb Code     4  stm32f10x_tim.o(.text)
    TIM_SetCompare1                          0x080020c9   Thumb Code     4  stm32f10x_tim.o(.text)
    TIM_SetCompare2                          0x080020cd   Thumb Code     4  stm32f10x_tim.o(.text)
    TIM_SetCompare3                          0x080020d1   Thumb Code     4  stm32f10x_tim.o(.text)
    TIM_SetCompare4                          0x080020d5   Thumb Code     6  stm32f10x_tim.o(.text)
    TIM_SetClockDivision                     0x080020db   Thumb Code    18  stm32f10x_tim.o(.text)
    TIM_GetCapture1                          0x080020ed   Thumb Code     6  stm32f10x_tim.o(.text)
    TIM_GetCapture2                          0x080020f3   Thumb Code     6  stm32f10x_tim.o(.text)
    TIM_GetCapture3                          0x080020f9   Thumb Code     6  stm32f10x_tim.o(.text)
    TIM_GetCapture4                          0x080020ff   Thumb Code     8  stm32f10x_tim.o(.text)
    TIM_GetCounter                           0x08002107   Thumb Code     6  stm32f10x_tim.o(.text)
    TIM_GetPrescaler                         0x0800210d   Thumb Code     6  stm32f10x_tim.o(.text)
    TIM_GetFlagStatus                        0x08002113   Thumb Code    18  stm32f10x_tim.o(.text)
    TIM_ClearFlag                            0x08002125   Thumb Code     6  stm32f10x_tim.o(.text)
    TIM_GetITStatus                          0x0800212b   Thumb Code    34  stm32f10x_tim.o(.text)
    TIM_ClearITPendingBit                    0x0800214d   Thumb Code     6  stm32f10x_tim.o(.text)
    Delay_us                                 0x08002153   Thumb Code    30  delay.o(.text)
    Delay_ms                                 0x08002171   Thumb Code    32  delay.o(.text)
    EncoderIOInit                            0x08002191   Thumb Code    62  encoder.o(.text)
    EncoderTIMInit                           0x080021cf   Thumb Code   208  encoder.o(.text)
    EncoderInit                              0x0800229f   Thumb Code    12  encoder.o(.text)
    GetSpeed                                 0x080022ab   Thumb Code   272  encoder.o(.text)
    InputIOInit                              0x080023f1   Thumb Code    92  ioinput.o(.text)
    GetKeyState                              0x0800244d   Thumb Code   120  ioinput.o(.text)
    OutputIOInit                             0x080024d5   Thumb Code   112  iooutput.o(.text)
    SetHigh                                  0x08002545   Thumb Code    78  iooutput.o(.text)
    SetLow                                   0x08002593   Thumb Code    78  iooutput.o(.text)
    MotorIOInit                              0x080025f1   Thumb Code    72  motor.o(.text)
    MotorTIMInit                             0x08002639   Thumb Code   136  motor.o(.text)
    MotorInit                                0x080026c1   Thumb Code    12  motor.o(.text)
    SetMotor1PWM                             0x080026cd   Thumb Code    54  motor.o(.text)
    SetMotor2PWM                             0x08002703   Thumb Code    54  motor.o(.text)
    SensorIOInit                             0x0800273d   Thumb Code    60  sensor.o(.text)
    SensorADCInit                            0x08002779   Thumb Code   106  sensor.o(.text)
    SensorInit                               0x080027e3   Thumb Code    12  sensor.o(.text)
    GetADCValue                              0x080027ef   Thumb Code    70  sensor.o(.text)
    ServoIOInit                              0x08002845   Thumb Code    38  servo.o(.text)
    ServoTIMInit                             0x0800286b   Thumb Code   148  servo.o(.text)
    ServoInit                                0x080028ff   Thumb Code    12  servo.o(.text)
    SetServo1PWM                             0x0800290b   Thumb Code    14  servo.o(.text)
    SetServo2PWM                             0x08002919   Thumb Code    14  servo.o(.text)
    UsartIOInit                              0x08002931   Thumb Code   112  usart.o(.text)
    UsartConfig                              0x080029a1   Thumb Code   162  usart.o(.text)
    UsartInit                                0x08002a43   Thumb Code    12  usart.o(.text)
    SendData                                 0x08002a4f   Thumb Code    28  usart.o(.text)
    Send1Data                                0x08002a6b   Thumb Code    28  usart.o(.text)
    USART1_IRQHandler                        0x08002a87   Thumb Code    36  usart.o(.text)
    IIC_RCC_Configration                     0x08002ac1   Thumb Code    12  zlg7290.o(.text)
    IIC_CLK_Configration                     0x08002acd   Thumb Code    40  zlg7290.o(.text)
    IIC_SDA_DIR                              0x08002af5   Thumb Code    52  zlg7290.o(.text)
    ZLG7290Init                              0x08002b29   Thumb Code    60  zlg7290.o(.text)
    GetAck                                   0x08002d09   Thumb Code    84  zlg7290.o(.text)
    IICSendByte                              0x08002da1   Thumb Code    36  zlg7290.o(.text)
    IICSendTwoByte                           0x08002dc5   Thumb Code    54  zlg7290.o(.text)
    IICRecieveByte                           0x08002dfb   Thumb Code    54  zlg7290.o(.text)
    SwitchNumber                             0x08002e31   Thumb Code   112  zlg7290.o(.text)
    SendSingleCommandToZLG7290               0x08002ea1   Thumb Code    32  zlg7290.o(.text)
    SendCompuondCommandToZLG7290             0x08002ec1   Thumb Code    56  zlg7290.o(.text)
    ZLG7290ClearAll                          0x08002ef9   Thumb Code    42  zlg7290.o(.text)
    UpdataZLG7290                            0x08002f23   Thumb Code    80  zlg7290.o(.text)
    ReadKeys                                 0x08002f73   Thumb Code    58  zlg7290.o(.text)
    KeyBoardShowLong                         0x08002fad   Thumb Code    92  zlg7290.o(.text)
    ReadKeyAndDisplay                        0x08003009   Thumb Code   136  zlg7290.o(.text)
    two3                                     0x08003095   Thumb Code    90  main.o(.text)
    main                                     0x080030ef   Thumb Code    56  main.o(.text)
    SystemStart                              0x08003127   Thumb Code   476  main.o(.text)
    Test_InputIO                             0x08003303   Thumb Code    28  main.o(.text)
    Test_OutputIO                            0x0800331f   Thumb Code   116  main.o(.text)
    Test_Sensor                              0x08003393   Thumb Code    34  main.o(.text)
    Test_Usart                               0x080033b5   Thumb Code    24  main.o(.text)
    Test_ZLG7290                             0x080033cd   Thumb Code   168  main.o(.text)
    Test_Motor                               0x08003475   Thumb Code    24  main.o(.text)
    Test_Servo                               0x0800348d   Thumb Code    24  main.o(.text)
    Test_Encoder                             0x080034a5   Thumb Code     8  main.o(.text)
    Test_V_PID                               0x080034ad   Thumb Code     2  main.o(.text)
    two1                                     0x080034af   Thumb Code    68  main.o(.text)
    two2                                     0x080034f3   Thumb Code    36  main.o(.text)
    two4                                     0x08003517   Thumb Code   102  main.o(.text)
    NMI_Handler                              0x0800357d   Thumb Code     2  stm32f10x_it.o(.text)
    HardFault_Handler                        0x0800357f   Thumb Code     4  stm32f10x_it.o(.text)
    MemManage_Handler                        0x08003583   Thumb Code     4  stm32f10x_it.o(.text)
    BusFault_Handler                         0x08003587   Thumb Code     4  stm32f10x_it.o(.text)
    UsageFault_Handler                       0x0800358b   Thumb Code     4  stm32f10x_it.o(.text)
    SVC_Handler                              0x0800358f   Thumb Code     2  stm32f10x_it.o(.text)
    DebugMon_Handler                         0x08003591   Thumb Code     2  stm32f10x_it.o(.text)
    PendSV_Handler                           0x08003593   Thumb Code     2  stm32f10x_it.o(.text)
    SysTick_Handler                          0x08003595   Thumb Code     2  stm32f10x_it.o(.text)
    TIM2_IRQHandler                          0x08003597   Thumb Code    22  stm32f10x_it.o(.text)
    TIM4_IRQHandler                          0x080035ad   Thumb Code    22  stm32f10x_it.o(.text)
    __scatterload                            0x080035c9   Thumb Code    28  init.o(.text)
    __scatterload_rt2                        0x080035c9   Thumb Code     0  init.o(.text)
    __scatterload_copy                       0x080035ed   Thumb Code    14  handlers.o(i.__scatterload_copy)
    __scatterload_null                       0x080035fb   Thumb Code     2  handlers.o(i.__scatterload_null)
    __scatterload_zeroinit                   0x080035fd   Thumb Code    14  handlers.o(i.__scatterload_zeroinit)
    AD_Map                                   0x0800360a   Data           6  sensor.o(.constdata)
    Region$$Table$$Base                      0x08003610   Number         0  anon$$obj.o(Region$$Table)
    Region$$Table$$Limit                     0x08003630   Number         0  anon$$obj.o(Region$$Table)
    SystemCoreClock                          0x20000000   Data           4  system_stm32f10x.o(.data)
    AHBPrescTable                            0x20000004   Data          16  system_stm32f10x.o(.data)
    Speed_L_Get                              0x20000028   Data           4  encoder.o(.data)
    Speed_R_Get                              0x2000002c   Data           4  encoder.o(.data)
    Last_Speed_L_Get                         0x20000030   Data           4  encoder.o(.data)
    Last_Speed_R_Get                         0x20000034   Data           4  encoder.o(.data)
    R_Sum_Step                               0x20000038   Data           4  encoder.o(.data)
    L_Sum_Step                               0x2000003c   Data           4  encoder.o(.data)
    Sum_Step                                 0x20000040   Data           4  encoder.o(.data)
    InPinTable                               0x20000044   Data          34  ioinput.o(.data)
    OutPinTable                              0x20000066   Data          18  iooutput.o(.data)
    rece                                     0x20000078   Data           1  usart.o(.data)
    ack                                      0x20000079   Data           1  zlg7290.o(.data)
    Test_count                               0x2000007c   Data           4  main.o(.data)
    Test_ZLG7290_Data                        0x20000080   Data           4  main.o(.data)
    Test_Motor_PWM                           0x20000084   Data           4  main.o(.data)
    Test_Motor_PWM_L                         0x20000088   Data           4  main.o(.data)
    Test_Motor_PWM_R                         0x2000008c   Data           4  main.o(.data)
    Test_Sover_PWM                           0x20000090   Data           4  main.o(.data)
    Test_Sover_PWM_L                         0x20000094   Data           4  main.o(.data)
    Test_Sover_PWM_R                         0x20000098   Data           4  main.o(.data)
    read                                     0x2000009c   Data          16  zlg7290.o(.bss)
    L_PID                                    0x200000ac   Data          36  pid.o(.bss)
    R_PID                                    0x200000d0   Data          36  pid.o(.bss)
    TURN_PID                                 0x200000f4   Data          36  pid.o(.bss)
    POSE_PID                                 0x20000118   Data          36  pid.o(.bss)
    Test_InputIO_Data                        0x2000013c   Data          16  main.o(.bss)
    Test_Sensor_Data                         0x2000014c   Data          10  main.o(.bss)
    __initial_sp                             0x20000558   Data           0  startup_stm32f10x_md.o(STACK)



==============================================================================

Memory Map of the image

  Image Entry point : 0x08000101

  Load Region LR_1 (Base: 0x08000000, Size: 0x000036cc, Max: 0xffffffff, ABSOLUTE)

    Execution Region ER_RO (Base: 0x08000000, Size: 0x00003630, Max: 0xffffffff, ABSOLUTE)

    Base Addr    Size         Type   Attr      Idx    E Section Name        Object

    0x08000000   0x000000ec   Data   RO            3    RESET               startup_stm32f10x_md.o
    0x080000ec   0x00000000   Code   RO          451  * .ARM.Collect$$$$00000000  mc_w.l(entry.o)
    0x080000ec   0x00000004   Code   RO          454    .ARM.Collect$$$$00000001  mc_w.l(entry2.o)
    0x080000f0   0x00000004   Code   RO          457    .ARM.Collect$$$$00000004  mc_w.l(entry5.o)
    0x080000f4   0x00000000   Code   RO          459    .ARM.Collect$$$$00000008  mc_w.l(entry7b.o)
    0x080000f4   0x00000000   Code   RO          461    .ARM.Collect$$$$0000000A  mc_w.l(entry8b.o)
    0x080000f4   0x00000008   Code   RO          462    .ARM.Collect$$$$0000000B  mc_w.l(entry9a.o)
    0x080000fc   0x00000000   Code   RO          464    .ARM.Collect$$$$0000000D  mc_w.l(entry10a.o)
    0x080000fc   0x00000000   Code   RO          466    .ARM.Collect$$$$0000000F  mc_w.l(entry11a.o)
    0x080000fc   0x00000004   Code   RO          455    .ARM.Collect$$$$00002712  mc_w.l(entry2.o)
    0x08000100   0x00000024   Code   RO            4  * .text               startup_stm32f10x_md.o
    0x08000124   0x000001e0   Code   RO           24    .text               system_stm32f10x.o
    0x08000304   0x000000dc   Code   RO           70    .text               misc.o
    0x080003e0   0x000003a4   Code   RO           99    .text               stm32f10x_rcc.o
    0x08000784   0x0000035c   Code   RO          113    .text               stm32f10x_gpio.o
    0x08000ae0   0x00000408   Code   RO          140    .text               stm32f10x_usart.o
    0x08000ee8   0x0000044e   Code   RO          152    .text               stm32f10x_adc.o
    0x08001336   0x00000002   PAD
    0x08001338   0x00000e1a   Code   RO          164    .text               stm32f10x_tim.o
    0x08002152   0x0000003e   Code   RO          191    .text               delay.o
    0x08002190   0x00000260   Code   RO          250    .text               encoder.o
    0x080023f0   0x000000e4   Code   RO          271    .text               ioinput.o
    0x080024d4   0x0000011c   Code   RO          289    .text               iooutput.o
    0x080025f0   0x0000014c   Code   RO          307    .text               motor.o
    0x0800273c   0x00000108   Code   RO          322    .text               sensor.o
    0x08002844   0x000000ec   Code   RO          340    .text               servo.o
    0x08002930   0x00000190   Code   RO          355    .text               usart.o
    0x08002ac0   0x000005d4   Code   RO          373    .text               zlg7290.o
    0x08003094   0x000004e8   Code   RO          411    .text               main.o
    0x0800357c   0x0000004c   Code   RO          439    .text               stm32f10x_it.o
    0x080035c8   0x00000024   Code   RO          468    .text               mc_w.l(init.o)
    0x080035ec   0x0000000e   Code   RO          472    i.__scatterload_copy  mc_w.l(handlers.o)
    0x080035fa   0x00000002   Code   RO          473    i.__scatterload_null  mc_w.l(handlers.o)
    0x080035fc   0x0000000e   Code   RO          474    i.__scatterload_zeroinit  mc_w.l(handlers.o)
    0x0800360a   0x00000006   Data   RO          323    .constdata          sensor.o
    0x08003610   0x00000020   Data   RO          470    Region$$Table       anon$$obj.o


    Execution Region ER_RW (Base: 0x20000000, Size: 0x0000009c, Max: 0xffffffff, ABSOLUTE)

    Base Addr    Size         Type   Attr      Idx    E Section Name        Object

    0x20000000   0x00000014   Data   RW           25    .data               system_stm32f10x.o
    0x20000014   0x00000014   Data   RW          100    .data               stm32f10x_rcc.o
    0x20000028   0x0000001c   Data   RW          251    .data               encoder.o
    0x20000044   0x00000022   Data   RW          272    .data               ioinput.o
    0x20000066   0x00000012   Data   RW          290    .data               iooutput.o
    0x20000078   0x00000001   Data   RW          356    .data               usart.o
    0x20000079   0x00000001   Data   RW          375    .data               zlg7290.o
    0x2000007a   0x00000002   PAD
    0x2000007c   0x00000020   Data   RW          413    .data               main.o


    Execution Region ER_ZI (Base: 0x2000009c, Size: 0x000004bc, Max: 0xffffffff, ABSOLUTE)

    Base Addr    Size         Type   Attr      Idx    E Section Name        Object

    0x2000009c   0x00000010   Zero   RW          374    .bss                zlg7290.o
    0x200000ac   0x00000090   Zero   RW          393    .bss                pid.o
    0x2000013c   0x0000001a   Zero   RW          412    .bss                main.o
    0x20000156   0x00000002   PAD
    0x20000158   0x00000400   Zero   RW            1    STACK               startup_stm32f10x_md.o


==============================================================================

Image component sizes


      Code (inc. data)   RO Data    RW Data    ZI Data      Debug   Object Name

         0          0          0          0          0       4504   core_cm3.o
        62          0          0          0          0       1524   delay.o
       608         54          0         28          0       1583   encoder.o
       228         16          0         34          0       1187   ioinput.o
       284         16          0         18          0       1312   iooutput.o
      1256         40          0         32         26       4572   main.o
       220         22          0          0          0     215333   misc.o
       332          4          0          0          0       1191   motor.o
         0          0          0          0        144       1016   pid.o
       264         16          6          0          0       1441   sensor.o
       236         10          0          0          0       1147   servo.o
        36          8        236          0       1024        784   startup_stm32f10x_md.o
      1102         26          0          0          0      10701   stm32f10x_adc.o
       860         38          0          0          0       5517   stm32f10x_gpio.o
        76          6          0          0          0       1474   stm32f10x_it.o
       932         36          0         20          0       8632   stm32f10x_rcc.o
      3610         88          0          0          0      22000   stm32f10x_tim.o
      1032         22          0          0          0       8240   stm32f10x_usart.o
       480         38          0         20          0      44919   system_stm32f10x.o
       400         22          0          1          0       1504   usart.o
      1492         42          0          1         16       5139   zlg7290.o

    ----------------------------------------------------------------------
     13512        504        274        156       1212     343720   Object Totals
         0          0         32          0          0          0   (incl. Generated)
         2          0          0          2          2          0   (incl. Padding)

    ----------------------------------------------------------------------

      Code (inc. data)   RO Data    RW Data    ZI Data      Debug   Library Member Name

         0          0          0          0          0          0   entry.o
         0          0          0          0          0          0   entry10a.o
         0          0          0          0          0          0   entry11a.o
         8          4          0          0          0          0   entry2.o
         4          0          0          0          0          0   entry5.o
         0          0          0          0          0          0   entry7b.o
         0          0          0          0          0          0   entry8b.o
         8          4          0          0          0          0   entry9a.o
        30          0          0          0          0          0   handlers.o
        36          8          0          0          0         68   init.o

    ----------------------------------------------------------------------
        86         16          0          0          0         68   Library Totals
         0          0          0          0          0          0   (incl. Padding)

    ----------------------------------------------------------------------

      Code (inc. data)   RO Data    RW Data    ZI Data      Debug   Library Name

        86         16          0          0          0         68   mc_w.l

    ----------------------------------------------------------------------
        86         16          0          0          0         68   Library Totals

    ----------------------------------------------------------------------

==============================================================================


      Code (inc. data)   RO Data    RW Data    ZI Data      Debug   

     13598        520        274        156       1212     342432   Grand Totals
     13598        520        274        156       1212     342432   ELF Image Totals
     13598        520        274        156          0          0   ROM Totals

==============================================================================

    Total RO  Size (Code + RO Data)                13872 (  13.55kB)
    Total RW  Size (RW Data + ZI Data)              1368 (   1.34kB)
    Total ROM Size (Code + RO Data + RW Data)      14028 (  13.70kB)

==============================================================================

